Archive member included to satisfy reference by file (symbol)

C:/nxp/MCUXpressoIDE_25.6.136/ide/plugins/com.nxp.mcuxpresso.tools.win32_25.6.0.202501151204/tools/bin/../lib/gcc/arm-none-eabi/14.2.1/../../../../arm-none-eabi/lib/thumb/v7e-m+dp/hard\libcr_nohost_nf.a(_cr__main.o)
                              ./startup/startup_mimxrt1052.o (__main)
C:/nxp/MCUXpressoIDE_25.6.136/ide/plugins/com.nxp.mcuxpresso.tools.win32_25.6.0.202501151204/tools/bin/../lib/gcc/arm-none-eabi/14.2.1/../../../../arm-none-eabi/lib/thumb/v7e-m+dp/hard\libcr_c.a(memset.o)
                              ./drivers/fsl_dcdc.o (memset)
C:/nxp/MCUXpressoIDE_25.6.136/ide/plugins/com.nxp.mcuxpresso.tools.win32_25.6.0.202501151204/tools/bin/../lib/gcc/arm-none-eabi/14.2.1/../../../../arm-none-eabi/lib/thumb/v7e-m+dp/hard\libcr_c.a(alloc.o)
                              ./drivers/fsl_common.o (malloc)
C:/nxp/MCUXpressoIDE_25.6.136/ide/plugins/com.nxp.mcuxpresso.tools.win32_25.6.0.202501151204/tools/bin/../lib/gcc/arm-none-eabi/14.2.1/../../../../arm-none-eabi/lib/thumb/v7e-m+dp/hard\libcr_c.a(errno.o)
                              ./utilities/str/fsl_str.o (errno)
C:/nxp/MCUXpressoIDE_25.6.136/ide/plugins/com.nxp.mcuxpresso.tools.win32_25.6.0.202501151204/tools/bin/../lib/gcc/arm-none-eabi/14.2.1/../../../../arm-none-eabi/lib/thumb/v7e-m+dp/hard\libcr_c.a(initio.o)
                              C:/nxp/MCUXpressoIDE_25.6.136/ide/plugins/com.nxp.mcuxpresso.tools.win32_25.6.0.202501151204/tools/bin/../lib/gcc/arm-none-eabi/14.2.1/../../../../arm-none-eabi/lib/thumb/v7e-m+dp/hard\libcr_nohost_nf.a(_cr__main.o) (_initio)
C:/nxp/MCUXpressoIDE_25.6.136/ide/plugins/com.nxp.mcuxpresso.tools.win32_25.6.0.202501151204/tools/bin/../lib/gcc/arm-none-eabi/14.2.1/../../../../arm-none-eabi/lib/thumb/v7e-m+dp/hard\libcr_c.a(scanf.o)
                              ./utilities/str/fsl_str.o (strtoul)
C:/nxp/MCUXpressoIDE_25.6.136/ide/plugins/com.nxp.mcuxpresso.tools.win32_25.6.0.202501151204/tools/bin/../lib/gcc/arm-none-eabi/14.2.1/../../../../arm-none-eabi/lib/thumb/v7e-m+dp/hard\libcr_c.a(setvbuf.o)
                              C:/nxp/MCUXpressoIDE_25.6.136/ide/plugins/com.nxp.mcuxpresso.tools.win32_25.6.0.202501151204/tools/bin/../lib/gcc/arm-none-eabi/14.2.1/../../../../arm-none-eabi/lib/thumb/v7e-m+dp/hard\libcr_c.a(initio.o) (setvbuf)
C:/nxp/MCUXpressoIDE_25.6.136/ide/plugins/com.nxp.mcuxpresso.tools.win32_25.6.0.202501151204/tools/bin/../lib/gcc/arm-none-eabi/14.2.1/../../../../arm-none-eabi/lib/thumb/v7e-m+dp/hard\libcr_c.a(strlen.o)
                              ./utilities/str/fsl_str.o (strlen)
C:/nxp/MCUXpressoIDE_25.6.136/ide/plugins/com.nxp.mcuxpresso.tools.win32_25.6.0.202501151204/tools/bin/../lib/gcc/arm-none-eabi/14.2.1/../../../../arm-none-eabi/lib/thumb/v7e-m+dp/hard\libcr_c.a(ungetc.o)
                              C:/nxp/MCUXpressoIDE_25.6.136/ide/plugins/com.nxp.mcuxpresso.tools.win32_25.6.0.202501151204/tools/bin/../lib/gcc/arm-none-eabi/14.2.1/../../../../arm-none-eabi/lib/thumb/v7e-m+dp/hard\libcr_c.a(scanf.o) (ungetc)
C:/nxp/MCUXpressoIDE_25.6.136/ide/plugins/com.nxp.mcuxpresso.tools.win32_25.6.0.202501151204/tools/bin/../lib/gcc/arm-none-eabi/14.2.1/../../../../arm-none-eabi/lib/thumb/v7e-m+dp/hard\libcr_c.a(__fillbuf.o)
                              C:/nxp/MCUXpressoIDE_25.6.136/ide/plugins/com.nxp.mcuxpresso.tools.win32_25.6.0.202501151204/tools/bin/../lib/gcc/arm-none-eabi/14.2.1/../../../../arm-none-eabi/lib/thumb/v7e-m+dp/hard\libcr_c.a(scanf.o) (__filbuf)
C:/nxp/MCUXpressoIDE_25.6.136/ide/plugins/com.nxp.mcuxpresso.tools.win32_25.6.0.202501151204/tools/bin/../lib/gcc/arm-none-eabi/14.2.1/../../../../arm-none-eabi/lib/thumb/v7e-m+dp/hard\libcr_c.a(__init_alloc.o)
                              C:/nxp/MCUXpressoIDE_25.6.136/ide/plugins/com.nxp.mcuxpresso.tools.win32_25.6.0.202501151204/tools/bin/../lib/gcc/arm-none-eabi/14.2.1/../../../../arm-none-eabi/lib/thumb/v7e-m+dp/hard\libcr_c.a(alloc.o) (__heaps)
C:/nxp/MCUXpressoIDE_25.6.136/ide/plugins/com.nxp.mcuxpresso.tools.win32_25.6.0.202501151204/tools/bin/../lib/gcc/arm-none-eabi/14.2.1/../../../../arm-none-eabi/lib/thumb/v7e-m+dp/hard\libcr_c.a(_cr_sbrk.o)
                              C:/nxp/MCUXpressoIDE_25.6.136/ide/plugins/com.nxp.mcuxpresso.tools.win32_25.6.0.202501151204/tools/bin/../lib/gcc/arm-none-eabi/14.2.1/../../../../arm-none-eabi/lib/thumb/v7e-m+dp/hard\libcr_c.a(alloc.o) (_sbrk)
C:/nxp/MCUXpressoIDE_25.6.136/ide/plugins/com.nxp.mcuxpresso.tools.win32_25.6.0.202501151204/tools/bin/../lib/gcc/arm-none-eabi/14.2.1/../../../../arm-none-eabi/lib/thumb/v7e-m+dp/hard\libcr_c.a(_deferredlazyseek.o)
                              C:/nxp/MCUXpressoIDE_25.6.136/ide/plugins/com.nxp.mcuxpresso.tools.win32_25.6.0.202501151204/tools/bin/../lib/gcc/arm-none-eabi/14.2.1/../../../../arm-none-eabi/lib/thumb/v7e-m+dp/hard\libcr_c.a(__fillbuf.o) (_deferredlazyseek)
[...]
Memory Configuration

Name             Origin             Length             Attributes
BOARD_FLASH      0x60000000         0x04000000         xr
SRAM_DTC         0x20000000         0x00020000         xrw
SRAM_ITC         0x00000000         0x00020000         xrw
SRAM_OC          0x20200000         0x00040000         xrw
BOARD_SDRAM      0x80000000         0x01e00000         xrw
NCACHE_REGION    0x81e00000         0x00200000         xrw
*default*        0x00000000         0xffffffff

Linker script and memory map

LOAD ./xip/dcd.o
LOAD ./xip/evkbimxrt1050_flexspi_nor_config.o
LOAD ./xip/fsl_flexspi_nor_boot.o
LOAD ./utilities/str/fsl_str.o
LOAD ./utilities/debug_console_lite/fsl_debug_console.o
LOAD ./utilities/fsl_assert.o
LOAD ./utilities/fsl_memcpy.o
LOAD ./startup/startup_mimxrt1052.o
LOAD ./source/lpuart_interrupt.o
LOAD ./source/semihost_hardfault.o
LOAD ./drivers/fsl_cache.o
LOAD ./drivers/fsl_clock.o
LOAD ./drivers/fsl_common.o
LOAD ./drivers/fsl_common_arm.o
LOAD ./drivers/fsl_dcdc.o
LOAD ./drivers/fsl_gpc.o
LOAD ./drivers/fsl_gpio.o
LOAD ./drivers/fsl_lpuart.o
LOAD ./drivers/fsl_pmu.o
LOAD ./drivers/fsl_src.o
LOAD ./device/system_MIMXRT1052.o
LOAD ./component/uart/fsl_adapter_lpuart.o
LOAD ./board/board.o
LOAD ./board/clock_config.o
LOAD ./board/hardware_init.o
LOAD ./board/pin_mux.o
START GROUP
LOAD C:/nxp/MCUXpressoIDE_25.6.136/ide/plugins/com.nxp.mcuxpresso.tools.win32_25.6.0.202501151204/tools/bin/../lib/gcc/arm-none-eabi/14.2.1/../../../../arm-none-eabi/lib/thumb/v7e-m+dp/hard\libcr_nohost_nf.a
LOAD C:/nxp/MCUXpressoIDE_25.6.136/ide/plugins/com.nxp.mcuxpresso.tools.win32_25.6.0.202501151204/tools/bin/../lib/gcc/arm-none-eabi/14.2.1/../../../../arm-none-eabi/lib/thumb/v7e-m+dp/hard\libcr_c.a
LOAD C:/nxp/MCUXpressoIDE_25.6.136/ide/plugins/com.nxp.mcuxpresso.tools.win32_25.6.0.202501151204/tools/bin/../lib/gcc/arm-none-eabi/14.2.1/thumb/v7e-m+dp/hard\libcr_eabihelpers.a
LOAD C:/nxp/MCUXpressoIDE_25.6.136/ide/plugins/com.nxp.mcuxpresso.tools.win32_25.6.0.202501151204/tools/bin/../lib/gcc/arm-none-eabi/14.2.1/thumb/v7e-m+dp/hard\libgcc.a
END GROUP
                0x60000000                        __base_BOARD_FLASH = 0x60000000
                0x60000000                        __base_Flash = 0x60000000
                0x64000000                        __top_BOARD_FLASH = 0x64000000
                0x64000000                        __top_Flash = 0x64000000
                0x20000000                        __base_SRAM_DTC = 0x20000000
                0x20000000                        __base_RAM = 0x20000000
                0x20020000                        __top_SRAM_DTC = 0x20020000
                0x20020000                        __top_RAM = 0x20020000
                0x00000000                        __base_SRAM_ITC = 0x0
                0x00000000                        __base_RAM2 = 0x0
                0x00020000                        __top_SRAM_ITC = 0x20000
                0x00020000                        __top_RAM2 = 0x20000
                0x20200000                        __base_SRAM_OC = 0x20200000
                0x20200000                        __base_RAM3 = 0x20200000
                0x20240000                        __top_SRAM_OC = 0x20240000
                0x20240000                        __top_RAM3 = 0x20240000
                0x80000000                        __base_BOARD_SDRAM = 0x80000000
                0x80000000                        __base_RAM4 = 0x80000000
                0x81e00000                        __top_BOARD_SDRAM = 0x81e00000
                0x81e00000                        __top_RAM4 = 0x81e00000
                0x81e00000                        __base_NCACHE_REGION = 0x81e00000
                0x81e00000                        __base_RAM5 = 0x81e00000
                0x82000000                        __top_NCACHE_REGION = 0x82000000
                0x82000000                        __top_RAM5 = 0x82000000

.boot_hdr       0x60000000     0x2000
 FILL mask 0xff
                0x60000000                        __boot_hdr_start__ = ABSOLUTE (.)
 *(SORT_BY_ALIGNMENT(.boot_hdr.conf))
 .boot_hdr.conf
                0x60000000      0x200 ./xip/evkbimxrt1050_flexspi_nor_config.o
                0x60000000                hyperflash_config
                0x00001000                        . = 0x1000
 *fill*         0x60000200      0xe00 ff
 *(SORT_BY_ALIGNMENT(.boot_hdr.ivt))
 .boot_hdr.ivt  0x60001000       0x20 ./xip/fsl_flexspi_nor_boot.o
                0x60001000                image_vector_table
                0x00001020                        . = 0x1020
 *(SORT_BY_ALIGNMENT(.boot_hdr.boot_data))
 .boot_hdr.boot_data
                0x60001020       0x10 ./xip/fsl_flexspi_nor_boot.o
                0x60001020                g_boot_data
                0x00001030                        . = 0x1030
 *(SORT_BY_ALIGNMENT(.boot_hdr.dcd_data))
                0x60001030                        __boot_hdr_end__ = ABSOLUTE (.)
                0x00002000                        . = 0x2000
 *fill*         0x60001030      0xfd0 ff

.text           0x60002000     0x3b24
 FILL mask 0xff
                0x60002000                        __vectors_start__ = ABSOLUTE (.)
 *(SORT_BY_ALIGNMENT(.isr_vector))
 .isr_vector    0x60002000      0x2a0 ./startup/startup_mimxrt1052.o
                0x60002000                g_pfnVectors
                0x60002000                __Vectors
                0x600022a0                        . = ALIGN (0x4)
                0x600022a0                        __section_table_start = .
                0x600022a0                        __data_section_table = .
                0x600022a0        0x4 LONG 0x60005b24 LOADADDR (.data)
                0x600022a4        0x4 LONG 0x20000000 ADDR (.data)
                0x600022a8        0x4 LONG 0x70 SIZEOF (.data)
                0x600022ac        0x4 LONG 0x60005b24 LOADADDR (.data_RAM2)
                0x600022b0        0x4 LONG 0x0 ADDR (.data_RAM2)
                0x600022b4        0x4 LONG 0x0 SIZEOF (.data_RAM2)
                0x600022b8        0x4 LONG 0x60005b24 LOADADDR (.data_RAM3)
                0x600022bc        0x4 LONG 0x20200000 ADDR (.data_RAM3)
                0x600022c0        0x4 LONG 0x0 SIZEOF (.data_RAM3)
                0x600022c4        0x4 LONG 0x60005b24 LOADADDR (.data_RAM4)
                0x600022c8        0x4 LONG 0x80000000 ADDR (.data_RAM4)
                0x600022cc        0x4 LONG 0x0 SIZEOF (.data_RAM4)
                0x600022d0        0x4 LONG 0x60005b24 LOADADDR (.data_RAM5)
                0x600022d4        0x4 LONG 0x81e00000 ADDR (.data_RAM5)
                0x600022d8        0x4 LONG 0x0 SIZEOF (.data_RAM5)
                0x600022dc                        __data_section_table_end = .
                0x600022dc                        __bss_section_table = .
                0x600022dc        0x4 LONG 0x20000070 ADDR (.bss)
                0x600022e0        0x4 LONG 0x130 SIZEOF (.bss)
                0x600022e4        0x4 LONG 0x0 ADDR (.bss_RAM2)
                0x600022e8        0x4 LONG 0x0 SIZEOF (.bss_RAM2)
                0x600022ec        0x4 LONG 0x20200000 ADDR (.bss_RAM3)
                0x600022f0        0x4 LONG 0x0 SIZEOF (.bss_RAM3)
                0x600022f4        0x4 LONG 0x80000000 ADDR (.bss_RAM4)
                0x600022f8        0x4 LONG 0x0 SIZEOF (.bss_RAM4)
                0x600022fc        0x4 LONG 0x81e00000 ADDR (.bss_RAM5)
                0x60002300        0x4 LONG 0x0 SIZEOF (.bss_RAM5)
                0x60002304                        __bss_section_table_end = .
                0x60002304                        __section_table_end = .
 *(SORT_BY_ALIGNMENT(.after_vectors*))
 .after_vectors.reset
                0x60002304       0x54 ./startup/startup_mimxrt1052.o
                0x60002304                ResetISR
 .after_vectors.init_data
                0x60002358       0x1e ./startup/startup_mimxrt1052.o
                0x60002358                data_init
 .after_vectors.init_bss
                0x60002376       0x12 ./startup/startup_mimxrt1052.o
                0x60002376                bss_init
 .after_vectors
                0x60002388       0x14 ./startup/startup_mimxrt1052.o
                0x60002388                NMI_Handler
                0x6000238c                MemManage_Handler
                0x6000238e                BusFault_Handler
                0x60002390                UsageFault_Handler
                0x60002392                SVC_Handler
                0x60002394                DebugMon_Handler
                0x60002396                PendSV_Handler
                0x60002398                SysTick_Handler
                0x6000239a                PIT_DriverIRQHandler
                0x6000239a                PMU_EVENT_DriverIRQHandler
                0x6000239a                PWM4_FAULT_DriverIRQHandler
                0x6000239a                DMA13_DMA29_DriverIRQHandler
                0x6000239a                SAI3_RX_DriverIRQHandler
                0x6000239a                LPSPI4_DriverIRQHandler
                0x6000239a                SEMC_DriverIRQHandler
                0x6000239a                SPDIF_DriverIRQHandler
                0x6000239a                CCM_2_DriverIRQHandler
                0x6000239a                PWM4_3_DriverIRQHandler
                0x6000239a                FLEXRAM_DriverIRQHandler
                0x6000239a                LCDIF_DriverIRQHandler
                0x6000239a                USB_PHY1_DriverIRQHandler
                0x6000239a                GPIO3_Combined_0_15_DriverIRQHandler
                0x6000239a                DMA7_DMA23_DriverIRQHandler
                0x6000239a                BEE_DriverIRQHandler
                0x6000239a                LPI2C3_DriverIRQHandler
                0x6000239a                GPR_IRQ_DriverIRQHandler
                0x6000239a                PWM2_FAULT_DriverIRQHandler
                0x6000239a                PWM3_1_DriverIRQHandler
                0x6000239a                DMA14_DMA30_DriverIRQHandler
                0x6000239a                TMR1_DriverIRQHandler
                0x6000239a                TRNG_DriverIRQHandler
                0x6000239a                PWM3_2_DriverIRQHandler
                0x6000239a                ENET_1588_Timer_DriverIRQHandler
                0x6000239a                FLEXIO2_DriverIRQHandler
                0x6000239a                GPIO2_Combined_16_31_DriverIRQHandler
                0x6000239a                Reserved143_DriverIRQHandler
                0x6000239a                LPSPI2_DriverIRQHandler
                0x6000239a                PWM4_1_DriverIRQHandler
                0x6000239a                PWM3_3_DriverIRQHandler
                0x6000239a                DMA0_DMA16_DriverIRQHandler
                0x6000239a                IntDefaultHandler
                0x6000239a                DMA2_DMA18_DriverIRQHandler
                0x6000239a                SRC_DriverIRQHandler
                0x6000239a                GPIO1_INT4_DriverIRQHandler
                0x6000239a                Reserved144_DriverIRQHandler
                0x6000239a                USDHC1_DriverIRQHandler
                0x6000239a                ENC3_DriverIRQHandler
                0x6000239a                PWM3_FAULT_DriverIRQHandler
                0x6000239a                EWM_DriverIRQHandler
                0x6000239a                TSC_DIG_DriverIRQHandler
                0x6000239a                KPP_DriverIRQHandler
                0x6000239a                FLEXIO1_DriverIRQHandler
                0x6000239a                ENET_DriverIRQHandler
                0x6000239a                Reserved78_DriverIRQHandler
                0x6000239a                TMR4_DriverIRQHandler
                0x6000239a                ENC2_DriverIRQHandler
                0x6000239a                ADC_ETC_IRQ2_DriverIRQHandler
                0x6000239a                GPIO1_Combined_16_31_DriverIRQHandler
                0x6000239a                GPIO1_INT7_DriverIRQHandler
                0x6000239a                SAI1_DriverIRQHandler
                0x6000239a                DCDC_DriverIRQHandler
                0x6000239a                DMA12_DMA28_DriverIRQHandler
                0x6000239a                PWM4_0_DriverIRQHandler
                0x6000239a                ADC_ETC_ERROR_IRQ_DriverIRQHandler
                0x6000239a                ACMP2_DriverIRQHandler
                0x6000239a                GPIO5_Combined_0_15_DriverIRQHandler
                0x6000239a                GPIO1_INT0_DriverIRQHandler
                0x6000239a                GPIO1_INT2_DriverIRQHandler
                0x6000239a                RTWDOG_DriverIRQHandler
                0x6000239a                FLEXSPI_DriverIRQHandler
                0x6000239a                GPT2_DriverIRQHandler
                0x6000239a                USB_PHY2_DriverIRQHandler
                0x6000239a                DMA10_DMA26_DriverIRQHandler
                0x6000239a                PWM2_1_DriverIRQHandler
                0x6000239a                PWM1_1_DriverIRQHandler
                0x6000239a                PXP_DriverIRQHandler
                0x6000239a                ADC1_DriverIRQHandler
                0x6000239a                PWM1_0_DriverIRQHandler
                0x6000239a                SJC_DriverIRQHandler
                0x6000239a                DMA1_DMA17_DriverIRQHandler
                0x6000239a                ENC1_DriverIRQHandler
                0x6000239a                ENC4_DriverIRQHandler
                0x6000239a                CAN2_DriverIRQHandler
                0x6000239a                DCP_DriverIRQHandler
                0x6000239a                CTI0_ERROR_DriverIRQHandler
                0x6000239a                DMA8_DMA24_DriverIRQHandler
                0x6000239a                GPT1_DriverIRQHandler
                0x6000239a                ACMP3_DriverIRQHandler
                0x6000239a                DMA6_DMA22_DriverIRQHandler
                0x6000239a                CSU_DriverIRQHandler
                0x6000239a                GPIO1_INT5_DriverIRQHandler
                0x6000239a                TMR3_DriverIRQHandler
                0x6000239a                TMR2_DriverIRQHandler
                0x6000239a                CTI1_ERROR_DriverIRQHandler
                0x6000239a                GPIO1_Combined_0_15_DriverIRQHandler
                0x6000239a                USDHC2_DriverIRQHandler
                0x6000239a                PWM4_2_DriverIRQHandler
                0x6000239a                Reserved87_DriverIRQHandler
                0x6000239a                SAI2_DriverIRQHandler
                0x6000239a                CORE_DriverIRQHandler
                0x6000239a                WDOG1_DriverIRQHandler
                0x6000239a                DMA11_DMA27_DriverIRQHandler
                0x6000239a                CSI_DriverIRQHandler
                0x6000239a                PWM2_3_DriverIRQHandler
                0x6000239a                XBAR1_IRQ_2_3_DriverIRQHandler
                0x6000239a                SNVS_HP_WRAPPER_TZ_DriverIRQHandler
                0x6000239a                GPIO3_Combined_16_31_DriverIRQHandler
                0x6000239a                PWM1_FAULT_DriverIRQHandler
                0x6000239a                LPI2C1_DriverIRQHandler
                0x6000239a                PWM2_2_DriverIRQHandler
                0x6000239a                DMA4_DMA20_DriverIRQHandler
                0x6000239a                DMA9_DMA25_DriverIRQHandler
                0x6000239a                SNVS_HP_WRAPPER_DriverIRQHandler
                0x6000239a                XBAR1_IRQ_0_1_DriverIRQHandler
                0x6000239a                ADC_ETC_IRQ1_DriverIRQHandler
                0x6000239a                LPSPI1_DriverIRQHandler
                0x6000239a                DMA3_DMA19_DriverIRQHandler
                0x6000239a                GPIO1_INT3_DriverIRQHandler
                0x6000239a                DCP_VMI_DriverIRQHandler
                0x6000239a                LPI2C4_DriverIRQHandler
                0x6000239a                GPC_DriverIRQHandler
                0x6000239a                Reserved123_DriverIRQHandler
                0x6000239a                GPIO2_Combined_0_15_DriverIRQHandler
                0x6000239a                PWM1_2_DriverIRQHandler
                0x6000239a                USB_OTG1_DriverIRQHandler
                0x6000239a                TEMP_LOW_HIGH_DriverIRQHandler
                0x6000239a                SAI3_TX_DriverIRQHandler
                0x6000239a                WDOG2_DriverIRQHandler
                0x6000239a                Reserved68_DriverIRQHandler
                0x6000239a                PWM3_0_DriverIRQHandler
                0x6000239a                GPIO4_Combined_0_15_DriverIRQHandler
                0x6000239a                GPIO4_Combined_16_31_DriverIRQHandler
                0x6000239a                GPIO5_Combined_16_31_DriverIRQHandler
                0x6000239a                DMA5_DMA21_DriverIRQHandler
                0x6000239a                CCM_1_DriverIRQHandler
                0x6000239a                ADC2_DriverIRQHandler
                0x6000239a                Reserved115_DriverIRQHandler
                0x6000239a                TEMP_PANIC_DriverIRQHandler
                0x6000239a                ACMP4_DriverIRQHandler
                0x6000239a                DMA15_DMA31_DriverIRQHandler
                0x6000239a                LPSPI3_DriverIRQHandler
                0x6000239a                PWM1_3_DriverIRQHandler
                0x6000239a                ACMP1_DriverIRQHandler
                0x6000239a                LPI2C2_DriverIRQHandler
                0x6000239a                Reserved86_DriverIRQHandler
                0x6000239a                DMA_ERROR_DriverIRQHandler
                0x6000239a                ADC_ETC_IRQ0_DriverIRQHandler
                0x6000239a                CAN1_DriverIRQHandler
                0x6000239a                GPIO1_INT6_DriverIRQHandler
                0x6000239a                GPIO1_INT1_DriverIRQHandler
                0x6000239a                PWM2_0_DriverIRQHandler
                0x6000239a                SNVS_LP_WRAPPER_DriverIRQHandler
                0x6000239a                USB_OTG2_DriverIRQHandler
 *(SORT_BY_ALIGNMENT(.text*))
 .text.DbgConsole_Vprintf
                0x6000239c       0x3c ./utilities/debug_console_lite/fsl_debug_console.o
                0x6000239c                DbgConsole_Vprintf
 .text.DbgConsole_Putchar
                0x600023d8       0x30 ./utilities/debug_console_lite/fsl_debug_console.o
                0x600023d8                DbgConsole_Putchar
 .text.DbgConsole_PrintfFormattedData
                0x60002408      0x3e0 ./utilities/debug_console_lite/fsl_debug_console.o
 .text.__assertion_failed
                0x600027e8       0x2c ./utilities/fsl_assert.o
                0x600027e8                __assertion_failed
 .text          0x60002814       0xa0 ./utilities/fsl_memcpy.o
                0x60002814                memcpy
 .text.__NVIC_EnableIRQ
                0x600028b4       0x3c ./source/lpuart_interrupt.o
 .text.LPUART1_IRQHandler
                0x600028f0       0x90 ./source/lpuart_interrupt.o
                0x600028f0                LPUART1_IRQHandler
 .text.main     0x60002980       0xc4 ./source/lpuart_interrupt.o
                0x60002980                main
 .text.CLOCK_GetOscFreq
                0x60002a44       0x30 ./drivers/fsl_clock.o
 .text.CLOCK_InitExternalClk
                0x60002a74       0x6c ./drivers/fsl_clock.o
                0x60002a74                CLOCK_InitExternalClk
 .text.CLOCK_SwitchOsc
                0x60002ae0       0x34 ./drivers/fsl_clock.o
                0x60002ae0                CLOCK_SwitchOsc
 .text.CLOCK_InitRcOsc24M
                0x60002b14       0x24 ./drivers/fsl_clock.o
                0x60002b14                CLOCK_InitRcOsc24M
 .text.CLOCK_InitArmPll
                0x60002b38       0x68 ./drivers/fsl_clock.o
                0x60002b38                CLOCK_InitArmPll
 .text.CLOCK_InitSysPll
                0x60002ba0       0x9c ./drivers/fsl_clock.o
                0x60002ba0                CLOCK_InitSysPll
 .text.CLOCK_DeinitUsb2Pll
                0x60002c3c       0x18 ./drivers/fsl_clock.o
                0x60002c3c                CLOCK_DeinitUsb2Pll
 .text.CLOCK_DeinitAudioPll
                0x60002c54       0x1c ./drivers/fsl_clock.o
                0x60002c54                CLOCK_DeinitAudioPll
 .text.CLOCK_DeinitEnetPll
                0x60002c70       0x1c ./drivers/fsl_clock.o
                0x60002c70                CLOCK_DeinitEnetPll
 .text.CLOCK_GetPllFreq
                0x60002c8c      0x3a8 ./drivers/fsl_clock.o
                0x60002c8c                CLOCK_GetPllFreq
 .text.CLOCK_InitSysPfd
                0x60003034       0x64 ./drivers/fsl_clock.o
                0x60003034                CLOCK_InitSysPfd
 .text.CLOCK_ControlGate
                0x60003098       0x60 ./drivers/fsl_lpuart.o
 .text.LPUART_GetInstance
                0x600030f8       0x4c ./drivers/fsl_lpuart.o
                0x600030f8                LPUART_GetInstance
 .text.LPUART_Init
                0x60003144      0x30c ./drivers/fsl_lpuart.o
                0x60003144                LPUART_Init
 .text.LPUART_GetDefaultConfig
                0x60003450       0x88 ./drivers/fsl_lpuart.o
                0x60003450                LPUART_GetDefaultConfig
 .text.LPUART_EnableInterrupts
                0x600034d8       0xa8 ./drivers/fsl_lpuart.o
                0x600034d8                LPUART_EnableInterrupts
 .text.LPUART_GetStatusFlags
                0x60003580       0x38 ./drivers/fsl_lpuart.o
                0x60003580                LPUART_GetStatusFlags
 .text.LPUART_WriteBlocking
                0x600035b8       0x68 ./drivers/fsl_lpuart.o
                0x600035b8                LPUART_WriteBlocking
 .text.LPUART2_DriverIRQHandler
                0x60003620       0x28 ./drivers/fsl_lpuart.o
                0x60003620                LPUART2_DriverIRQHandler
 .text.LPUART3_DriverIRQHandler
                0x60003648       0x28 ./drivers/fsl_lpuart.o
                0x60003648                LPUART3_DriverIRQHandler
 .text.LPUART4_DriverIRQHandler
                0x60003670       0x28 ./drivers/fsl_lpuart.o
                0x60003670                LPUART4_DriverIRQHandler
 .text.LPUART5_DriverIRQHandler
                0x60003698       0x28 ./drivers/fsl_lpuart.o
                0x60003698                LPUART5_DriverIRQHandler
 .text.LPUART6_DriverIRQHandler
                0x600036c0       0x28 ./drivers/fsl_lpuart.o
                0x600036c0                LPUART6_DriverIRQHandler
 .text.LPUART7_DriverIRQHandler
                0x600036e8       0x28 ./drivers/fsl_lpuart.o
                0x600036e8                LPUART7_DriverIRQHandler
 .text.LPUART8_DriverIRQHandler
                0x60003710       0x28 ./drivers/fsl_lpuart.o
                0x60003710                LPUART8_DriverIRQHandler
 .text.SystemInit
                0x60003738      0x144 ./device/system_MIMXRT1052.o
                0x60003738                SystemInit
 .text.ARM_MPU_Enable
                0x6000387c       0x44 ./board/board.o
 .text.ARM_MPU_Disable
                0x600038c0       0x40 ./board/board.o
 .text.CLOCK_GetMux
                0x60003900       0x44 ./board/board.o
 .text.CLOCK_GetDiv
                0x60003944       0x44 ./board/board.o
 .text.CLOCK_GetOscFreq
                0x60003988       0x30 ./board/board.o
 .text.BOARD_DebugConsoleSrcFreq
                0x600039b8       0x64 ./board/board.o
                0x600039b8                BOARD_DebugConsoleSrcFreq
 .text.BOARD_ConfigMPU
                0x60003a1c      0x304 ./board/board.o
                0x60003a1c                BOARD_ConfigMPU
 .text.CLOCK_SetMux
                0x60003d20       0x9c ./board/clock_config.o
 .text.CLOCK_SetDiv
                0x60003dbc       0x9c ./board/clock_config.o
 .text.CLOCK_ControlGate
                0x60003e58       0x60 ./board/clock_config.o
 .text.CLOCK_SetXtalFreq
                0x60003eb8       0x20 ./board/clock_config.o
 .text.CLOCK_SetRtcXtalFreq
                0x60003ed8       0x20 ./board/clock_config.o
 .text.IOMUXC_MQSConfig
                0x60003ef8       0x44 ./board/clock_config.o
 .text.BOARD_BootClockRUN
                0x60003f3c      0x674 ./board/clock_config.o
                0x60003f3c                BOARD_BootClockRUN
 .text.CLOCK_ControlGate
                0x600045b0       0x60 ./board/pin_mux.o
 .text.BOARD_InitPins
                0x60004610       0x78 ./board/pin_mux.o
                0x60004610                BOARD_InitPins
 .text._initio  0x60004688       0x78 C:/nxp/MCUXpressoIDE_25.6.136/ide/plugins/com.nxp.mcuxpresso.tools.win32_25.6.0.202501151204/tools/bin/../lib/gcc/arm-none-eabi/14.2.1/../../../../arm-none-eabi/lib/thumb/v7e-m+dp/hard\libcr_c.a(initio.o)
                0x60004688                _initio
 .text._Cwritebuf
                0x60004700       0x70 C:/nxp/MCUXpressoIDE_25.6.136/ide/plugins/com.nxp.mcuxpresso.tools.win32_25.6.0.202501151204/tools/bin/../lib/gcc/arm-none-eabi/14.2.1/../../../../arm-none-eabi/lib/thumb/v7e-m+dp/hard\libcr_c.a(_writebuf.o)
                0x60004700                _Cwritebuf
 .text.fflush   0x60004770       0x3c C:/nxp/MCUXpressoIDE_25.6.136/ide/plugins/com.nxp.mcuxpresso.tools.win32_25.6.0.202501151204/tools/bin/../lib/gcc/arm-none-eabi/14.2.1/../../../../arm-none-eabi/lib/thumb/v7e-m+dp/hard\libcr_c.a(fflush.o)
                0x60004770                fflush
 .text.fseek    0x600047ac       0xf8 C:/nxp/MCUXpressoIDE_25.6.136/ide/plugins/com.nxp.mcuxpresso.tools.win32_25.6.0.202501151204/tools/bin/../lib/gcc/arm-none-eabi/14.2.1/../../../../arm-none-eabi/lib/thumb/v7e-m+dp/hard\libcr_c.a(fseek.o)
                0x600047ac                fseek
 .text.ftell    0x600048a4       0x44 C:/nxp/MCUXpressoIDE_25.6.136/ide/plugins/com.nxp.mcuxpresso.tools.win32_25.6.0.202501151204/tools/bin/../lib/gcc/arm-none-eabi/14.2.1/../../../../arm-none-eabi/lib/thumb/v7e-m+dp/hard\libcr_c.a(ftell.o)
                0x600048a4                ftell
 .text.DbgConsole_Printf
                0x600048e8       0x2c ./utilities/debug_console_lite/fsl_debug_console.o
                0x600048e8                DbgConsole_Printf
 .text.DbgConsole_PrintfPaddingCharacter
                0x60004914       0x40 ./utilities/debug_console_lite/fsl_debug_console.o
 .text.DbgConsole_ConvertRadixNumToString
                0x60004954       0xc2 ./utilities/debug_console_lite/fsl_debug_console.o
 .text.fsl_assert_hook
                0x60004a16       0x1a ./utilities/fsl_assert.o
                0x60004a16                fsl_assert_hook
 .text.DMA0_DMA16_IRQHandler
                0x60004a30        0x8 ./startup/startup_mimxrt1052.o
                0x60004a30                DMA0_DMA16_IRQHandler
 .text.DMA1_DMA17_IRQHandler
                0x60004a38        0x8 ./startup/startup_mimxrt1052.o
                0x60004a38                DMA1_DMA17_IRQHandler
 .text.DMA2_DMA18_IRQHandler
                0x60004a40        0x8 ./startup/startup_mimxrt1052.o
                0x60004a40                DMA2_DMA18_IRQHandler
 .text.DMA3_DMA19_IRQHandler
                0x60004a48        0x8 ./startup/startup_mimxrt1052.o
                0x60004a48                DMA3_DMA19_IRQHandler
 .text.DMA4_DMA20_IRQHandler
                0x60004a50        0x8 ./startup/startup_mimxrt1052.o
                0x60004a50                DMA4_DMA20_IRQHandler
 .text.DMA5_DMA21_IRQHandler
                0x60004a58        0x8 ./startup/startup_mimxrt1052.o
                0x60004a58                DMA5_DMA21_IRQHandler
 .text.DMA6_DMA22_IRQHandler
                0x60004a60        0x8 ./startup/startup_mimxrt1052.o
                0x60004a60                DMA6_DMA22_IRQHandler
 .text.DMA7_DMA23_IRQHandler
                0x60004a68        0x8 ./startup/startup_mimxrt1052.o
                0x60004a68                DMA7_DMA23_IRQHandler
 .text.DMA8_DMA24_IRQHandler
                0x60004a70        0x8 ./startup/startup_mimxrt1052.o
                0x60004a70                DMA8_DMA24_IRQHandler
 .text.DMA9_DMA25_IRQHandler
                0x60004a78        0x8 ./startup/startup_mimxrt1052.o
                0x60004a78                DMA9_DMA25_IRQHandler
 .text.DMA10_DMA26_IRQHandler
                0x60004a80        0x8 ./startup/startup_mimxrt1052.o
                0x60004a80                DMA10_DMA26_IRQHandler
 .text.DMA11_DMA27_IRQHandler
                0x60004a88        0x8 ./startup/startup_mimxrt1052.o
                0x60004a88                DMA11_DMA27_IRQHandler
 .text.DMA12_DMA28_IRQHandler
                0x60004a90        0x8 ./startup/startup_mimxrt1052.o
                0x60004a90                DMA12_DMA28_IRQHandler
 .text.DMA13_DMA29_IRQHandler
                0x60004a98        0x8 ./startup/startup_mimxrt1052.o
                0x60004a98                DMA13_DMA29_IRQHandler
 .text.DMA14_DMA30_IRQHandler
                0x60004aa0        0x8 ./startup/startup_mimxrt1052.o
                0x60004aa0                DMA14_DMA30_IRQHandler
 .text.DMA15_DMA31_IRQHandler
                0x60004aa8        0x8 ./startup/startup_mimxrt1052.o
                0x60004aa8                DMA15_DMA31_IRQHandler
 .text.DMA_ERROR_IRQHandler
                0x60004ab0        0x8 ./startup/startup_mimxrt1052.o
                0x60004ab0                DMA_ERROR_IRQHandler
 .text.CTI0_ERROR_IRQHandler
                0x60004ab8        0x8 ./startup/startup_mimxrt1052.o
                0x60004ab8                CTI0_ERROR_IRQHandler
 .text.CTI1_ERROR_IRQHandler
                0x60004ac0        0x8 ./startup/startup_mimxrt1052.o
                0x60004ac0                CTI1_ERROR_IRQHandler
 .text.CORE_IRQHandler
                0x60004ac8        0x8 ./startup/startup_mimxrt1052.o
                0x60004ac8                CORE_IRQHandler
 .text.LPUART2_IRQHandler
                0x60004ad0        0x8 ./startup/startup_mimxrt1052.o
                0x60004ad0                LPUART2_IRQHandler
 .text.LPUART3_IRQHandler
                0x60004ad8        0x8 ./startup/startup_mimxrt1052.o
                0x60004ad8                LPUART3_IRQHandler
 .text.LPUART4_IRQHandler
                0x60004ae0        0x8 ./startup/startup_mimxrt1052.o
                0x60004ae0                LPUART4_IRQHandler
 .text.LPUART5_IRQHandler
                0x60004ae8        0x8 ./startup/startup_mimxrt1052.o
                0x60004ae8                LPUART5_IRQHandler
 .text.LPUART6_IRQHandler
                0x60004af0        0x8 ./startup/startup_mimxrt1052.o
                0x60004af0                LPUART6_IRQHandler
 .text.LPUART7_IRQHandler
                0x60004af8        0x8 ./startup/startup_mimxrt1052.o
                0x60004af8                LPUART7_IRQHandler
 .text.LPUART8_IRQHandler
                0x60004b00        0x8 ./startup/startup_mimxrt1052.o
                0x60004b00                LPUART8_IRQHandler
 .text.LPI2C1_IRQHandler
                0x60004b08        0x8 ./startup/startup_mimxrt1052.o
                0x60004b08                LPI2C1_IRQHandler
 .text.LPI2C2_IRQHandler
                0x60004b10        0x8 ./startup/startup_mimxrt1052.o
                0x60004b10                LPI2C2_IRQHandler
 .text.LPI2C3_IRQHandler
                0x60004b18        0x8 ./startup/startup_mimxrt1052.o
                0x60004b18                LPI2C3_IRQHandler
 .text.LPI2C4_IRQHandler
                0x60004b20        0x8 ./startup/startup_mimxrt1052.o
                0x60004b20                LPI2C4_IRQHandler
 .text.LPSPI1_IRQHandler
                0x60004b28        0x8 ./startup/startup_mimxrt1052.o
                0x60004b28                LPSPI1_IRQHandler
 .text.LPSPI2_IRQHandler
                0x60004b30        0x8 ./startup/startup_mimxrt1052.o
                0x60004b30                LPSPI2_IRQHandler
 .text.LPSPI3_IRQHandler
                0x60004b38        0x8 ./startup/startup_mimxrt1052.o
                0x60004b38                LPSPI3_IRQHandler
 .text.LPSPI4_IRQHandler
                0x60004b40        0x8 ./startup/startup_mimxrt1052.o
                0x60004b40                LPSPI4_IRQHandler
 .text.CAN1_IRQHandler
                0x60004b48        0x8 ./startup/startup_mimxrt1052.o
                0x60004b48                CAN1_IRQHandler
 .text.CAN2_IRQHandler
                0x60004b50        0x8 ./startup/startup_mimxrt1052.o
                0x60004b50                CAN2_IRQHandler
 .text.FLEXRAM_IRQHandler
                0x60004b58        0x8 ./startup/startup_mimxrt1052.o
                0x60004b58                FLEXRAM_IRQHandler
 .text.KPP_IRQHandler
                0x60004b60        0x8 ./startup/startup_mimxrt1052.o
                0x60004b60                KPP_IRQHandler
 .text.TSC_DIG_IRQHandler
                0x60004b68        0x8 ./startup/startup_mimxrt1052.o
                0x60004b68                TSC_DIG_IRQHandler
 .text.GPR_IRQ_IRQHandler
                0x60004b70        0x8 ./startup/startup_mimxrt1052.o
                0x60004b70                GPR_IRQ_IRQHandler
 .text.LCDIF_IRQHandler
                0x60004b78        0x8 ./startup/startup_mimxrt1052.o
                0x60004b78                LCDIF_IRQHandler
 .text.CSI_IRQHandler
                0x60004b80        0x8 ./startup/startup_mimxrt1052.o
                0x60004b80                CSI_IRQHandler
 .text.PXP_IRQHandler
                0x60004b88        0x8 ./startup/startup_mimxrt1052.o
                0x60004b88                PXP_IRQHandler
 .text.WDOG2_IRQHandler
                0x60004b90        0x8 ./startup/startup_mimxrt1052.o
                0x60004b90                WDOG2_IRQHandler
 .text.SNVS_HP_WRAPPER_IRQHandler
                0x60004b98        0x8 ./startup/startup_mimxrt1052.o
                0x60004b98                SNVS_HP_WRAPPER_IRQHandler
 .text.SNVS_HP_WRAPPER_TZ_IRQHandler
                0x60004ba0        0x8 ./startup/startup_mimxrt1052.o
                0x60004ba0                SNVS_HP_WRAPPER_TZ_IRQHandler
 .text.SNVS_LP_WRAPPER_IRQHandler
                0x60004ba8        0x8 ./startup/startup_mimxrt1052.o
                0x60004ba8                SNVS_LP_WRAPPER_IRQHandler
 .text.CSU_IRQHandler
                0x60004bb0        0x8 ./startup/startup_mimxrt1052.o
                0x60004bb0                CSU_IRQHandler
 .text.DCP_IRQHandler
                0x60004bb8        0x8 ./startup/startup_mimxrt1052.o
                0x60004bb8                DCP_IRQHandler
 .text.DCP_VMI_IRQHandler
                0x60004bc0        0x8 ./startup/startup_mimxrt1052.o
                0x60004bc0                DCP_VMI_IRQHandler
 .text.Reserved68_IRQHandler
                0x60004bc8        0x8 ./startup/startup_mimxrt1052.o
                0x60004bc8                Reserved68_IRQHandler
 .text.TRNG_IRQHandler
                0x60004bd0        0x8 ./startup/startup_mimxrt1052.o
                0x60004bd0                TRNG_IRQHandler
 .text.SJC_IRQHandler
                0x60004bd8        0x8 ./startup/startup_mimxrt1052.o
                0x60004bd8                SJC_IRQHandler
 .text.BEE_IRQHandler
                0x60004be0        0x8 ./startup/startup_mimxrt1052.o
                0x60004be0                BEE_IRQHandler
 .text.SAI1_IRQHandler
                0x60004be8        0x8 ./startup/startup_mimxrt1052.o
                0x60004be8                SAI1_IRQHandler
 .text.SAI2_IRQHandler
                0x60004bf0        0x8 ./startup/startup_mimxrt1052.o
                0x60004bf0                SAI2_IRQHandler
 .text.SAI3_RX_IRQHandler
                0x60004bf8        0x8 ./startup/startup_mimxrt1052.o
                0x60004bf8                SAI3_RX_IRQHandler
 .text.SAI3_TX_IRQHandler
                0x60004c00        0x8 ./startup/startup_mimxrt1052.o
                0x60004c00                SAI3_TX_IRQHandler
 .text.SPDIF_IRQHandler
                0x60004c08        0x8 ./startup/startup_mimxrt1052.o
                0x60004c08                SPDIF_IRQHandler
 .text.PMU_EVENT_IRQHandler
                0x60004c10        0x8 ./startup/startup_mimxrt1052.o
                0x60004c10                PMU_EVENT_IRQHandler
 .text.Reserved78_IRQHandler
                0x60004c18        0x8 ./startup/startup_mimxrt1052.o
                0x60004c18                Reserved78_IRQHandler
 .text.TEMP_LOW_HIGH_IRQHandler
                0x60004c20        0x8 ./startup/startup_mimxrt1052.o
                0x60004c20                TEMP_LOW_HIGH_IRQHandler
 .text.TEMP_PANIC_IRQHandler
                0x60004c28        0x8 ./startup/startup_mimxrt1052.o
                0x60004c28                TEMP_PANIC_IRQHandler
 .text.USB_PHY1_IRQHandler
                0x60004c30        0x8 ./startup/startup_mimxrt1052.o
                0x60004c30                USB_PHY1_IRQHandler
 .text.USB_PHY2_IRQHandler
                0x60004c38        0x8 ./startup/startup_mimxrt1052.o
                0x60004c38                USB_PHY2_IRQHandler
 .text.ADC1_IRQHandler
                0x60004c40        0x8 ./startup/startup_mimxrt1052.o
                0x60004c40                ADC1_IRQHandler
 .text.ADC2_IRQHandler
                0x60004c48        0x8 ./startup/startup_mimxrt1052.o
                0x60004c48                ADC2_IRQHandler
 .text.DCDC_IRQHandler
                0x60004c50        0x8 ./startup/startup_mimxrt1052.o
                0x60004c50                DCDC_IRQHandler
 .text.Reserved86_IRQHandler
                0x60004c58        0x8 ./startup/startup_mimxrt1052.o
                0x60004c58                Reserved86_IRQHandler
 .text.Reserved87_IRQHandler
                0x60004c60        0x8 ./startup/startup_mimxrt1052.o
                0x60004c60                Reserved87_IRQHandler
 .text.GPIO1_INT0_IRQHandler
                0x60004c68        0x8 ./startup/startup_mimxrt1052.o
                0x60004c68                GPIO1_INT0_IRQHandler
 .text.GPIO1_INT1_IRQHandler
                0x60004c70        0x8 ./startup/startup_mimxrt1052.o
                0x60004c70                GPIO1_INT1_IRQHandler
 .text.GPIO1_INT2_IRQHandler
                0x60004c78        0x8 ./startup/startup_mimxrt1052.o
                0x60004c78                GPIO1_INT2_IRQHandler
 .text.GPIO1_INT3_IRQHandler
                0x60004c80        0x8 ./startup/startup_mimxrt1052.o
                0x60004c80                GPIO1_INT3_IRQHandler
 .text.GPIO1_INT4_IRQHandler
                0x60004c88        0x8 ./startup/startup_mimxrt1052.o
                0x60004c88                GPIO1_INT4_IRQHandler
 .text.GPIO1_INT5_IRQHandler
                0x60004c90        0x8 ./startup/startup_mimxrt1052.o
                0x60004c90                GPIO1_INT5_IRQHandler
 .text.GPIO1_INT6_IRQHandler
                0x60004c98        0x8 ./startup/startup_mimxrt1052.o
                0x60004c98                GPIO1_INT6_IRQHandler
 .text.GPIO1_INT7_IRQHandler
                0x60004ca0        0x8 ./startup/startup_mimxrt1052.o
                0x60004ca0                GPIO1_INT7_IRQHandler
 .text.GPIO1_Combined_0_15_IRQHandler
                0x60004ca8        0x8 ./startup/startup_mimxrt1052.o
                0x60004ca8                GPIO1_Combined_0_15_IRQHandler
 .text.GPIO1_Combined_16_31_IRQHandler
                0x60004cb0        0x8 ./startup/startup_mimxrt1052.o
                0x60004cb0                GPIO1_Combined_16_31_IRQHandler
 .text.GPIO2_Combined_0_15_IRQHandler
                0x60004cb8        0x8 ./startup/startup_mimxrt1052.o
                0x60004cb8                GPIO2_Combined_0_15_IRQHandler
 .text.GPIO2_Combined_16_31_IRQHandler
                0x60004cc0        0x8 ./startup/startup_mimxrt1052.o
                0x60004cc0                GPIO2_Combined_16_31_IRQHandler
 .text.GPIO3_Combined_0_15_IRQHandler
                0x60004cc8        0x8 ./startup/startup_mimxrt1052.o
                0x60004cc8                GPIO3_Combined_0_15_IRQHandler
 .text.GPIO3_Combined_16_31_IRQHandler
                0x60004cd0        0x8 ./startup/startup_mimxrt1052.o
                0x60004cd0                GPIO3_Combined_16_31_IRQHandler
 .text.GPIO4_Combined_0_15_IRQHandler
                0x60004cd8        0x8 ./startup/startup_mimxrt1052.o
                0x60004cd8                GPIO4_Combined_0_15_IRQHandler
 .text.GPIO4_Combined_16_31_IRQHandler
                0x60004ce0        0x8 ./startup/startup_mimxrt1052.o
                0x60004ce0                GPIO4_Combined_16_31_IRQHandler
 .text.GPIO5_Combined_0_15_IRQHandler
                0x60004ce8        0x8 ./startup/startup_mimxrt1052.o
                0x60004ce8                GPIO5_Combined_0_15_IRQHandler
 .text.GPIO5_Combined_16_31_IRQHandler
                0x60004cf0        0x8 ./startup/startup_mimxrt1052.o
                0x60004cf0                GPIO5_Combined_16_31_IRQHandler
 .text.FLEXIO1_IRQHandler
                0x60004cf8        0x8 ./startup/startup_mimxrt1052.o
                0x60004cf8                FLEXIO1_IRQHandler
 .text.FLEXIO2_IRQHandler
                0x60004d00        0x8 ./startup/startup_mimxrt1052.o
                0x60004d00                FLEXIO2_IRQHandler
 .text.WDOG1_IRQHandler
                0x60004d08        0x8 ./startup/startup_mimxrt1052.o
                0x60004d08                WDOG1_IRQHandler
 .text.RTWDOG_IRQHandler
                0x60004d10        0x8 ./startup/startup_mimxrt1052.o
                0x60004d10                RTWDOG_IRQHandler
 .text.EWM_IRQHandler
                0x60004d18        0x8 ./startup/startup_mimxrt1052.o
                0x60004d18                EWM_IRQHandler
 .text.CCM_1_IRQHandler
                0x60004d20        0x8 ./startup/startup_mimxrt1052.o
                0x60004d20                CCM_1_IRQHandler
 .text.CCM_2_IRQHandler
                0x60004d28        0x8 ./startup/startup_mimxrt1052.o
                0x60004d28                CCM_2_IRQHandler
 .text.GPC_IRQHandler
                0x60004d30        0x8 ./startup/startup_mimxrt1052.o
                0x60004d30                GPC_IRQHandler
 .text.SRC_IRQHandler
                0x60004d38        0x8 ./startup/startup_mimxrt1052.o
                0x60004d38                SRC_IRQHandler
 .text.Reserved115_IRQHandler
                0x60004d40        0x8 ./startup/startup_mimxrt1052.o
                0x60004d40                Reserved115_IRQHandler
 .text.GPT1_IRQHandler
                0x60004d48        0x8 ./startup/startup_mimxrt1052.o
                0x60004d48                GPT1_IRQHandler
 .text.GPT2_IRQHandler
                0x60004d50        0x8 ./startup/startup_mimxrt1052.o
                0x60004d50                GPT2_IRQHandler
 .text.PWM1_0_IRQHandler
                0x60004d58        0x8 ./startup/startup_mimxrt1052.o
                0x60004d58                PWM1_0_IRQHandler
 .text.PWM1_1_IRQHandler
                0x60004d60        0x8 ./startup/startup_mimxrt1052.o
                0x60004d60                PWM1_1_IRQHandler
 .text.PWM1_2_IRQHandler
                0x60004d68        0x8 ./startup/startup_mimxrt1052.o
                0x60004d68                PWM1_2_IRQHandler
 .text.PWM1_3_IRQHandler
                0x60004d70        0x8 ./startup/startup_mimxrt1052.o
                0x60004d70                PWM1_3_IRQHandler
 .text.PWM1_FAULT_IRQHandler
                0x60004d78        0x8 ./startup/startup_mimxrt1052.o
                0x60004d78                PWM1_FAULT_IRQHandler
 .text.Reserved123_IRQHandler
                0x60004d80        0x8 ./startup/startup_mimxrt1052.o
                0x60004d80                Reserved123_IRQHandler
 .text.FLEXSPI_IRQHandler
                0x60004d88        0x8 ./startup/startup_mimxrt1052.o
                0x60004d88                FLEXSPI_IRQHandler
 .text.SEMC_IRQHandler
                0x60004d90        0x8 ./startup/startup_mimxrt1052.o
                0x60004d90                SEMC_IRQHandler
 .text.USDHC1_IRQHandler
                0x60004d98        0x8 ./startup/startup_mimxrt1052.o
                0x60004d98                USDHC1_IRQHandler
 .text.USDHC2_IRQHandler
                0x60004da0        0x8 ./startup/startup_mimxrt1052.o
                0x60004da0                USDHC2_IRQHandler
 .text.USB_OTG2_IRQHandler
                0x60004da8        0x8 ./startup/startup_mimxrt1052.o
                0x60004da8                USB_OTG2_IRQHandler
 .text.USB_OTG1_IRQHandler
                0x60004db0        0x8 ./startup/startup_mimxrt1052.o
                0x60004db0                USB_OTG1_IRQHandler
 .text.ENET_IRQHandler
                0x60004db8        0x8 ./startup/startup_mimxrt1052.o
                0x60004db8                ENET_IRQHandler
 .text.ENET_1588_Timer_IRQHandler
                0x60004dc0        0x8 ./startup/startup_mimxrt1052.o
                0x60004dc0                ENET_1588_Timer_IRQHandler
 .text.XBAR1_IRQ_0_1_IRQHandler
                0x60004dc8        0x8 ./startup/startup_mimxrt1052.o
                0x60004dc8                XBAR1_IRQ_0_1_IRQHandler
 .text.XBAR1_IRQ_2_3_IRQHandler
                0x60004dd0        0x8 ./startup/startup_mimxrt1052.o
                0x60004dd0                XBAR1_IRQ_2_3_IRQHandler
 .text.ADC_ETC_IRQ0_IRQHandler
                0x60004dd8        0x8 ./startup/startup_mimxrt1052.o
                0x60004dd8                ADC_ETC_IRQ0_IRQHandler
 .text.ADC_ETC_IRQ1_IRQHandler
                0x60004de0        0x8 ./startup/startup_mimxrt1052.o
                0x60004de0                ADC_ETC_IRQ1_IRQHandler
 .text.ADC_ETC_IRQ2_IRQHandler
                0x60004de8        0x8 ./startup/startup_mimxrt1052.o
                0x60004de8                ADC_ETC_IRQ2_IRQHandler
 .text.ADC_ETC_ERROR_IRQ_IRQHandler
                0x60004df0        0x8 ./startup/startup_mimxrt1052.o
                0x60004df0                ADC_ETC_ERROR_IRQ_IRQHandler
 .text.PIT_IRQHandler
                0x60004df8        0x8 ./startup/startup_mimxrt1052.o
                0x60004df8                PIT_IRQHandler
 .text.ACMP1_IRQHandler
                0x60004e00        0x8 ./startup/startup_mimxrt1052.o
                0x60004e00                ACMP1_IRQHandler
 .text.ACMP2_IRQHandler
                0x60004e08        0x8 ./startup/startup_mimxrt1052.o
                0x60004e08                ACMP2_IRQHandler
 .text.ACMP3_IRQHandler
                0x60004e10        0x8 ./startup/startup_mimxrt1052.o
                0x60004e10                ACMP3_IRQHandler
 .text.ACMP4_IRQHandler
                0x60004e18        0x8 ./startup/startup_mimxrt1052.o
                0x60004e18                ACMP4_IRQHandler
 .text.Reserved143_IRQHandler
                0x60004e20        0x8 ./startup/startup_mimxrt1052.o
                0x60004e20                Reserved143_IRQHandler
 .text.Reserved144_IRQHandler
                0x60004e28        0x8 ./startup/startup_mimxrt1052.o
                0x60004e28                Reserved144_IRQHandler
 .text.ENC1_IRQHandler
                0x60004e30        0x8 ./startup/startup_mimxrt1052.o
                0x60004e30                ENC1_IRQHandler
 .text.ENC2_IRQHandler
                0x60004e38        0x8 ./startup/startup_mimxrt1052.o
                0x60004e38                ENC2_IRQHandler
 .text.ENC3_IRQHandler
                0x60004e40        0x8 ./startup/startup_mimxrt1052.o
                0x60004e40                ENC3_IRQHandler
 .text.ENC4_IRQHandler
                0x60004e48        0x8 ./startup/startup_mimxrt1052.o
                0x60004e48                ENC4_IRQHandler
 .text.TMR1_IRQHandler
                0x60004e50        0x8 ./startup/startup_mimxrt1052.o
                0x60004e50                TMR1_IRQHandler
 .text.TMR2_IRQHandler
                0x60004e58        0x8 ./startup/startup_mimxrt1052.o
                0x60004e58                TMR2_IRQHandler
 .text.TMR3_IRQHandler
                0x60004e60        0x8 ./startup/startup_mimxrt1052.o
                0x60004e60                TMR3_IRQHandler
 .text.TMR4_IRQHandler
                0x60004e68        0x8 ./startup/startup_mimxrt1052.o
                0x60004e68                TMR4_IRQHandler
 .text.PWM2_0_IRQHandler
                0x60004e70        0x8 ./startup/startup_mimxrt1052.o
                0x60004e70                PWM2_0_IRQHandler
 .text.PWM2_1_IRQHandler
                0x60004e78        0x8 ./startup/startup_mimxrt1052.o
                0x60004e78                PWM2_1_IRQHandler
 .text.PWM2_2_IRQHandler
                0x60004e80        0x8 ./startup/startup_mimxrt1052.o
                0x60004e80                PWM2_2_IRQHandler
 .text.PWM2_3_IRQHandler
                0x60004e88        0x8 ./startup/startup_mimxrt1052.o
                0x60004e88                PWM2_3_IRQHandler
 .text.PWM2_FAULT_IRQHandler
                0x60004e90        0x8 ./startup/startup_mimxrt1052.o
                0x60004e90                PWM2_FAULT_IRQHandler
 .text.PWM3_0_IRQHandler
                0x60004e98        0x8 ./startup/startup_mimxrt1052.o
                0x60004e98                PWM3_0_IRQHandler
 .text.PWM3_1_IRQHandler
                0x60004ea0        0x8 ./startup/startup_mimxrt1052.o
                0x60004ea0                PWM3_1_IRQHandler
 .text.PWM3_2_IRQHandler
                0x60004ea8        0x8 ./startup/startup_mimxrt1052.o
                0x60004ea8                PWM3_2_IRQHandler
 .text.PWM3_3_IRQHandler
                0x60004eb0        0x8 ./startup/startup_mimxrt1052.o
                0x60004eb0                PWM3_3_IRQHandler
 .text.PWM3_FAULT_IRQHandler
                0x60004eb8        0x8 ./startup/startup_mimxrt1052.o
                0x60004eb8                PWM3_FAULT_IRQHandler
 .text.PWM4_0_IRQHandler
                0x60004ec0        0x8 ./startup/startup_mimxrt1052.o
                0x60004ec0                PWM4_0_IRQHandler
 .text.PWM4_1_IRQHandler
                0x60004ec8        0x8 ./startup/startup_mimxrt1052.o
                0x60004ec8                PWM4_1_IRQHandler
 .text.PWM4_2_IRQHandler
                0x60004ed0        0x8 ./startup/startup_mimxrt1052.o
                0x60004ed0                PWM4_2_IRQHandler
 .text.PWM4_3_IRQHandler
                0x60004ed8        0x8 ./startup/startup_mimxrt1052.o
                0x60004ed8                PWM4_3_IRQHandler
 .text.PWM4_FAULT_IRQHandler
                0x60004ee0        0x8 ./startup/startup_mimxrt1052.o
                0x60004ee0                PWM4_FAULT_IRQHandler
 .text.EnableIRQ
                0x60004ee8       0x32 ./source/lpuart_interrupt.o
 .text.LPUART_WriteByte
                0x60004f1a       0x1e ./source/lpuart_interrupt.o
 .text.LPUART_ReadByte
                0x60004f38       0x6e ./source/lpuart_interrupt.o
 .text.HardFault_Handler
                0x60004fa6       0x36 ./source/semihost_hardfault.o
                0x60004fa6                HardFault_Handler
 .text.CLOCK_IsPllBypassed
                0x60004fdc       0x32 ./drivers/fsl_clock.o
 .text.CLOCK_IsPllEnabled
                0x6000500e       0x3c ./drivers/fsl_clock.o
 .text.CLOCK_GetPllBypassRefClk
                0x6000504a       0x32 ./drivers/fsl_clock.o
 .text._SDK_AtomicLocalClearAndSet4Byte
                0x6000507c       0x50 ./drivers/fsl_lpuart.o
 .text.CLOCK_EnableClock
                0x600050cc       0x1e ./drivers/fsl_lpuart.o
 .text.DisableGlobalIRQ
                0x600050ea       0x22 ./drivers/fsl_lpuart.o
 .text.EnableGlobalIRQ
                0x6000510c       0x20 ./drivers/fsl_lpuart.o
 .text.LPUART_SoftwareReset
                0x6000512c       0x2c ./drivers/fsl_lpuart.o
 .text.SystemInitHook
                0x60005158        0xe ./device/system_MIMXRT1052.o
                0x60005158                SystemInitHook
 .text._SDK_AtomicLocalClearAndSet4Byte
                0x60005166       0x50 ./board/clock_config.o
 .text.CLOCK_DisableClock
                0x600051b6       0x1e ./board/clock_config.o
 .text.CLOCK_SetPllBypass
                0x600051d4       0x4e ./board/clock_config.o
 .text.IOMUXC_SetSaiMClkClockSource
                0x60005222       0x6c ./board/clock_config.o
 .text.BOARD_InitBootClocks
                0x6000528e        0xc ./board/clock_config.o
                0x6000528e                BOARD_InitBootClocks
 .text.BOARD_InitHardware
                0x6000529a       0x14 ./board/hardware_init.o
                0x6000529a                BOARD_InitHardware
 .text._SDK_AtomicLocalClearAndSet4Byte
                0x600052ae       0x50 ./board/pin_mux.o
 .text.CLOCK_EnableClock
                0x600052fe       0x1e ./board/pin_mux.o
 .text.IOMUXC_SetPinMux
                0x6000531c       0x3a ./board/pin_mux.o
 .text.IOMUXC_SetPinConfig
                0x60005356       0x26 ./board/pin_mux.o
 .text.BOARD_InitBootPins
                0x6000537c        0xc ./board/pin_mux.o
                0x6000537c                BOARD_InitBootPins
 .text.__main   0x60005388        0xe C:/nxp/MCUXpressoIDE_25.6.136/ide/plugins/com.nxp.mcuxpresso.tools.win32_25.6.0.202501151204/tools/bin/../lib/gcc/arm-none-eabi/14.2.1/../../../../arm-none-eabi/lib/thumb/v7e-m+dp/hard\libcr_nohost_nf.a(_cr__main.o)
                0x60005388                __main
 .text.memset   0x60005396        0x4 C:/nxp/MCUXpressoIDE_25.6.136/ide/plugins/com.nxp.mcuxpresso.tools.win32_25.6.0.202501151204/tools/bin/../lib/gcc/arm-none-eabi/14.2.1/../../../../arm-none-eabi/lib/thumb/v7e-m+dp/hard\libcr_c.a(memset.o)
                0x60005396                memset
 .text.free     0x6000539a       0x30 C:/nxp/MCUXpressoIDE_25.6.136/ide/plugins/com.nxp.mcuxpresso.tools.win32_25.6.0.202501151204/tools/bin/../lib/gcc/arm-none-eabi/14.2.1/../../../../arm-none-eabi/lib/thumb/v7e-m+dp/hard\libcr_c.a(alloc.o)
                0x6000539a                free
 .text.setvbuf  0x600053ca       0x3e C:/nxp/MCUXpressoIDE_25.6.136/ide/plugins/com.nxp.mcuxpresso.tools.win32_25.6.0.202501151204/tools/bin/../lib/gcc/arm-none-eabi/14.2.1/../../../../arm-none-eabi/lib/thumb/v7e-m+dp/hard\libcr_c.a(setvbuf.o)
                0x600053ca                setvbuf
 .text.strlen   0x60005408       0x4e C:/nxp/MCUXpressoIDE_25.6.136/ide/plugins/com.nxp.mcuxpresso.tools.win32_25.6.0.202501151204/tools/bin/../lib/gcc/arm-none-eabi/14.2.1/../../../../arm-none-eabi/lib/thumb/v7e-m+dp/hard\libcr_c.a(strlen.o)
                0x60005408                strlen
 .text._deferredlazyseek
                0x60005456       0x40 C:/nxp/MCUXpressoIDE_25.6.136/ide/plugins/com.nxp.mcuxpresso.tools.win32_25.6.0.202501151204/tools/bin/../lib/gcc/arm-none-eabi/14.2.1/../../../../arm-none-eabi/lib/thumb/v7e-m+dp/hard\libcr_c.a(_deferredlazyseek.o)
                0x60005456                _deferredlazyseek
 .text._fdopen  0x60005496       0x68 C:/nxp/MCUXpressoIDE_25.6.136/ide/plugins/com.nxp.mcuxpresso.tools.win32_25.6.0.202501151204/tools/bin/../lib/gcc/arm-none-eabi/14.2.1/../../../../arm-none-eabi/lib/thumb/v7e-m+dp/hard\libcr_c.a(_fdopen.o)
                0x60005496                _fdopen
 .text._fflush  0x600054fe       0x52 C:/nxp/MCUXpressoIDE_25.6.136/ide/plugins/com.nxp.mcuxpresso.tools.win32_25.6.0.202501151204/tools/bin/../lib/gcc/arm-none-eabi/14.2.1/../../../../arm-none-eabi/lib/thumb/v7e-m+dp/hard\libcr_c.a(_fflush.o)
                0x600054fe                _fflush
 .text.fclose   0x60005550       0x58 C:/nxp/MCUXpressoIDE_25.6.136/ide/plugins/com.nxp.mcuxpresso.tools.win32_25.6.0.202501151204/tools/bin/../lib/gcc/arm-none-eabi/14.2.1/../../../../arm-none-eabi/lib/thumb/v7e-m+dp/hard\libcr_c.a(fclose.o)
                0x60005550                fclose
 .text.remove   0x600055a8       0x14 C:/nxp/MCUXpressoIDE_25.6.136/ide/plugins/com.nxp.mcuxpresso.tools.win32_25.6.0.202501151204/tools/bin/../lib/gcc/arm-none-eabi/14.2.1/../../../../arm-none-eabi/lib/thumb/v7e-m+dp/hard\libcr_c.a(remove.o)
                0x600055a8                remove
 .text._do_fflush
                0x600055bc       0x40 C:/nxp/MCUXpressoIDE_25.6.136/ide/plugins/com.nxp.mcuxpresso.tools.win32_25.6.0.202501151204/tools/bin/../lib/gcc/arm-none-eabi/14.2.1/../../../../arm-none-eabi/lib/thumb/v7e-m+dp/hard\libcr_c.a(_do_fflush.o)
                0x600055bc                _do_fflush
 .text.__aeabi_memset_lowlevel
                0x600055fc       0x32 C:/nxp/MCUXpressoIDE_25.6.136/ide/plugins/com.nxp.mcuxpresso.tools.win32_25.6.0.202501151204/tools/bin/../lib/gcc/arm-none-eabi/14.2.1/thumb/v7e-m+dp/hard\libcr_eabihelpers.a(memcpy.o)
                0x600055fc                __aeabi_lowlevel_memset
 .text.__sys_close
                0x6000562e        0x6 C:/nxp/MCUXpressoIDE_25.6.136/ide/plugins/com.nxp.mcuxpresso.tools.win32_25.6.0.202501151204/tools/bin/../lib/gcc/arm-none-eabi/14.2.1/../../../../arm-none-eabi/lib/thumb/v7e-m+dp/hard\libcr_nohost_nf.a(__sys_close.o)
                0x6000562e                __sys_close
 .text.__sys_flen
                0x60005634        0x6 C:/nxp/MCUXpressoIDE_25.6.136/ide/plugins/com.nxp.mcuxpresso.tools.win32_25.6.0.202501151204/tools/bin/../lib/gcc/arm-none-eabi/14.2.1/../../../../arm-none-eabi/lib/thumb/v7e-m+dp/hard\libcr_nohost_nf.a(__sys_flen.o)
                0x60005634                __sys_flen
 .text.__sys_istty
                0x6000563a        0x6 C:/nxp/MCUXpressoIDE_25.6.136/ide/plugins/com.nxp.mcuxpresso.tools.win32_25.6.0.202501151204/tools/bin/../lib/gcc/arm-none-eabi/14.2.1/../../../../arm-none-eabi/lib/thumb/v7e-m+dp/hard\libcr_nohost_nf.a(__sys_istty.o)
                0x6000563a                __sys_istty
 .text.__sys_remove
                0x60005640        0x6 C:/nxp/MCUXpressoIDE_25.6.136/ide/plugins/com.nxp.mcuxpresso.tools.win32_25.6.0.202501151204/tools/bin/../lib/gcc/arm-none-eabi/14.2.1/../../../../arm-none-eabi/lib/thumb/v7e-m+dp/hard\libcr_nohost_nf.a(__sys_remove.o)
                0x60005640                __sys_remove
 .text.__sys_seek
                0x60005646        0x6 C:/nxp/MCUXpressoIDE_25.6.136/ide/plugins/com.nxp.mcuxpresso.tools.win32_25.6.0.202501151204/tools/bin/../lib/gcc/arm-none-eabi/14.2.1/../../../../arm-none-eabi/lib/thumb/v7e-m+dp/hard\libcr_nohost_nf.a(__sys_seek.o)
                0x60005646                __sys_seek
 .text.__sys_tmpnam
                0x6000564c        0x6 C:/nxp/MCUXpressoIDE_25.6.136/ide/plugins/com.nxp.mcuxpresso.tools.win32_25.6.0.202501151204/tools/bin/../lib/gcc/arm-none-eabi/14.2.1/../../../../arm-none-eabi/lib/thumb/v7e-m+dp/hard\libcr_nohost_nf.a(__sys_tmpnam.o)
                0x6000564c                __sys_tmpnam
 .text.__sys_write
                0x60005652        0x4 C:/nxp/MCUXpressoIDE_25.6.136/ide/plugins/com.nxp.mcuxpresso.tools.win32_25.6.0.202501151204/tools/bin/../lib/gcc/arm-none-eabi/14.2.1/../../../../arm-none-eabi/lib/thumb/v7e-m+dp/hard\libcr_nohost_nf.a(__sys_write.o)
                0x60005652                __sys_write
 *(SORT_BY_ALIGNMENT(.rodata) SORT_BY_ALIGNMENT(.rodata.*) SORT_BY_ALIGNMENT(.constdata) SORT_BY_ALIGNMENT(.constdata.*))
 *fill*         0x60005656        0x2 ff
 .rodata.__assertion_failed.str1.4
                0x60005658      0x45e ./utilities/fsl_assert.o
                                 0x14 (size before relaxing)
 .rodata.CLOCK_InitExternalClk.str1.4
                0x60005ab6       0x21 ./drivers/fsl_clock.o
 .rodata.CLOCK_GetPllFreq.str1.4
                0x60005ab6       0x6d ./drivers/fsl_clock.o
 *fill*         0x60005ab6        0x2 ff
 .rodata.enetRefClkFreq.1
                0x60005ab8       0x10 ./drivers/fsl_clock.o
 .rodata.CLOCK_ControlGate.str1.4
                0x60005ac8       0x20 ./drivers/fsl_lpuart.o
 .rodata.s_lpuartBases
                0x60005ac8       0x24 ./drivers/fsl_lpuart.o
 .rodata.s_lpuartClock
                0x60005aec       0x12 ./drivers/fsl_lpuart.o
 .rodata.LPUART_GetInstance.str1.4
                0x60005afe       0x38 ./drivers/fsl_lpuart.o
 .rodata.LPUART_Init.str1.4
                0x60005afe      0x10a ./drivers/fsl_lpuart.o
 .rodata.LPUART_GetDefaultConfig.str1.4
                0x60005afe       0x22 ./drivers/fsl_lpuart.o
 .rodata.LPUART_WriteBlocking.str1.4
                0x60005afe       0x21 ./drivers/fsl_lpuart.o
 .rodata.BOARD_ConfigMPU.str1.4
                0x60005afe       0x69 ./board/board.o
 .rodata.CLOCK_SetMux.str1.4
                0x60005afe       0x8f ./board/clock_config.o
 .rodata.CLOCK_SetDiv.str1.4
                0x60005afe       0x8f ./board/clock_config.o
 .rodata.CLOCK_ControlGate.str1.4
                0x60005afe       0x7e ./board/clock_config.o
 *fill*         0x60005afe        0x2 ff
 .rodata.armPllConfig_BOARD_BootClockRUN
                0x60005b00        0x8 ./board/clock_config.o
                0x60005b00                armPllConfig_BOARD_BootClockRUN
 .rodata.sysPllConfig_BOARD_BootClockRUN
                0x60005b08       0x14 ./board/clock_config.o
                0x60005b08                sysPllConfig_BOARD_BootClockRUN
 .rodata.CLOCK_ControlGate.str1.4
                0x60005b1c       0x7e ./board/pin_mux.o
 .rodata.__num_Ciob_streams
                0x60005b1c        0x4 C:/nxp/MCUXpressoIDE_25.6.136/ide/plugins/com.nxp.mcuxpresso.tools.win32_25.6.0.202501151204/tools/bin/../lib/gcc/arm-none-eabi/14.2.1/../../../../arm-none-eabi/lib/thumb/v7e-m+dp/hard\libcr_nohost_nf.a(__ciob.o)
                0x60005b1c                __num_Ciob_streams
 .rodata._initio.str1.1
                0x60005b20        0x4 C:/nxp/MCUXpressoIDE_25.6.136/ide/plugins/com.nxp.mcuxpresso.tools.win32_25.6.0.202501151204/tools/bin/../lib/gcc/arm-none-eabi/14.2.1/../../../../arm-none-eabi/lib/thumb/v7e-m+dp/hard\libcr_c.a(initio.o)
                0x60005b9c                        . = ALIGN (0x4)

.glue_7         0x60005b24        0x0
 .glue_7        0x60005b24        0x0 linker stubs

.glue_7t        0x60005b24        0x0
 .glue_7t       0x60005b24        0x0 linker stubs

.vfp11_veneer   0x60005b24        0x0
 .vfp11_veneer  0x60005b24        0x0 linker stubs

.v4_bx          0x60005b24        0x0
 .v4_bx         0x60005b24        0x0 linker stubs

.iplt           0x60005b24        0x0
 .iplt          0x60005b24        0x0 ./xip/fsl_flexspi_nor_boot.o

.rel.dyn        0x60005b24        0x0
 .rel.iplt      0x60005b24        0x0 ./xip/fsl_flexspi_nor_boot.o

.ARM.extab
 *(SORT_BY_ALIGNMENT(.ARM.extab*) SORT_BY_ALIGNMENT(.gnu.linkonce.armextab.*))

.ARM.exidx      0x60005b24        0x0
                0x60005b24                        __exidx_start = .
 *(SORT_BY_ALIGNMENT(.ARM.exidx*) SORT_BY_ALIGNMENT(.gnu.linkonce.armexidx.*))
                0x60005b24                        __exidx_end = .
                0x60005b24                        _etext = .

.data_RAM2      0x00000000        0x0 load address 0x60005b24
 FILL mask 0xff
                [!provide]                        PROVIDE (__start_data_RAM2 = .)
                [!provide]                        PROVIDE (__start_data_SRAM_ITC = .)
 *(SORT_BY_ALIGNMENT(.ramfunc.$RAM2))
 *(SORT_BY_ALIGNMENT(.ramfunc.$SRAM_ITC))
 *(SORT_BY_ALIGNMENT(CodeQuickAccess))
 *(SORT_BY_ALIGNMENT(.data.$RAM2))
 *(SORT_BY_ALIGNMENT(.data.$SRAM_ITC))
 *(SORT_BY_ALIGNMENT(.data.$RAM2.*))
 *(SORT_BY_ALIGNMENT(.data.$SRAM_ITC.*))
                0x00000000                        . = ALIGN (0x4)
                [!provide]                        PROVIDE (__end_data_RAM2 = .)
                [!provide]                        PROVIDE (__end_data_SRAM_ITC = .)

.data_RAM3      0x20200000        0x0 load address 0x60005b24
 FILL mask 0xff
                [!provide]                        PROVIDE (__start_data_RAM3 = .)
                [!provide]                        PROVIDE (__start_data_SRAM_OC = .)
 *(SORT_BY_ALIGNMENT(.ramfunc.$RAM3))
 *(SORT_BY_ALIGNMENT(.ramfunc.$SRAM_OC))
 *(SORT_BY_ALIGNMENT(.data.$RAM3))
 *(SORT_BY_ALIGNMENT(.data.$SRAM_OC))
 *(SORT_BY_ALIGNMENT(.data.$RAM3.*))
 *(SORT_BY_ALIGNMENT(.data.$SRAM_OC.*))
                0x20200000                        . = ALIGN (0x4)
                [!provide]                        PROVIDE (__end_data_RAM3 = .)
                [!provide]                        PROVIDE (__end_data_SRAM_OC = .)

.data_RAM4      0x80000000        0x0 load address 0x60005b24
 FILL mask 0xff
                [!provide]                        PROVIDE (__start_data_RAM4 = .)
                [!provide]                        PROVIDE (__start_data_BOARD_SDRAM = .)
 *(SORT_BY_ALIGNMENT(.ramfunc.$RAM4))
 *(SORT_BY_ALIGNMENT(.ramfunc.$BOARD_SDRAM))
 *(SORT_BY_ALIGNMENT(.data.$RAM4))
 *(SORT_BY_ALIGNMENT(.data.$BOARD_SDRAM))
 *(SORT_BY_ALIGNMENT(.data.$RAM4.*))
 *(SORT_BY_ALIGNMENT(.data.$BOARD_SDRAM.*))
                0x80000000                        . = ALIGN (0x4)
                [!provide]                        PROVIDE (__end_data_RAM4 = .)
                [!provide]                        PROVIDE (__end_data_BOARD_SDRAM = .)

.data_RAM5      0x81e00000        0x0 load address 0x60005b24
 FILL mask 0xff
                [!provide]                        PROVIDE (__start_data_RAM5 = .)
                [!provide]                        PROVIDE (__start_data_NCACHE_REGION = .)
 *(SORT_BY_ALIGNMENT(.ramfunc.$RAM5))
 *(SORT_BY_ALIGNMENT(.ramfunc.$NCACHE_REGION))
 *(SORT_BY_ALIGNMENT(.data.$RAM5))
 *(SORT_BY_ALIGNMENT(.data.$NCACHE_REGION))
 *(SORT_BY_ALIGNMENT(.data.$RAM5.*))
 *(SORT_BY_ALIGNMENT(.data.$NCACHE_REGION.*))
                0x81e00000                        . = ALIGN (0x4)
                [!provide]                        PROVIDE (__end_data_RAM5 = .)
                [!provide]                        PROVIDE (__end_data_NCACHE_REGION = .)

.uninit_RESERVED
                0x20000000        0x0
                0x20000000                        _start_uninit_RESERVED = .
 *(SORT_BY_ALIGNMENT(.bss.$RESERVED*))
                0x20000000                        . = ALIGN (0x4)
                0x20000000                        _end_uninit_RESERVED = .

.data           0x20000000       0x70 load address 0x60005b24
 FILL mask 0xff
                0x20000000                        _data = .
                [!provide]                        PROVIDE (__start_data_RAM = .)
                [!provide]                        PROVIDE (__start_data_SRAM_DTC = .)
 *(SORT_BY_ALIGNMENT(vtable))
 *(SORT_BY_ALIGNMENT(.ramfunc*))
 *(SORT_BY_ALIGNMENT(CodeQuickAccess))
 *(SORT_BY_ALIGNMENT(DataQuickAccess))
 *(SORT_BY_ALIGNMENT(RamFunction))
 *(SORT_BY_ALIGNMENT(DataQuickAccess))
 *(SORT_BY_ALIGNMENT(NonCacheable.init))
 *(SORT_BY_ALIGNMENT(.data*))
 .data.g_tipString
                0x20000000       0x6c ./source/lpuart_interrupt.o
                0x20000000                g_tipString
 .data.SystemCoreClock
                0x2000006c        0x4 ./device/system_MIMXRT1052.o
                0x2000006c                SystemCoreClock
                0x20000070                        . = ALIGN (0x4)
                0x20000070                        _edata = .
                [!provide]                        PROVIDE (__end_data_RAM = .)
                [!provide]                        PROVIDE (__end_data_SRAM_DTC = .)

.igot.plt       0x20000070        0x0 load address 0x60005b94
 .igot.plt      0x20000070        0x0 ./xip/fsl_flexspi_nor_boot.o

.bss_RAM2       0x00000000        0x0
                [!provide]                        PROVIDE (__start_bss_RAM2 = .)
                [!provide]                        PROVIDE (__start_bss_SRAM_ITC = .)
 *(SORT_BY_ALIGNMENT(.bss.$RAM2))
 *(SORT_BY_ALIGNMENT(.bss.$SRAM_ITC))
 *(SORT_BY_ALIGNMENT(.bss.$RAM2.*))
 *(SORT_BY_ALIGNMENT(.bss.$SRAM_ITC.*))
                0x00000000                        . = ALIGN ((. != 0x0)?0x4:0x1)
                [!provide]                        PROVIDE (__end_bss_RAM2 = .)
                [!provide]                        PROVIDE (__end_bss_SRAM_ITC = .)

.bss_RAM3       0x20200000        0x0
                [!provide]                        PROVIDE (__start_bss_RAM3 = .)
                [!provide]                        PROVIDE (__start_bss_SRAM_OC = .)
 *(SORT_BY_ALIGNMENT(.bss.$RAM3))
 *(SORT_BY_ALIGNMENT(.bss.$SRAM_OC))
 *(SORT_BY_ALIGNMENT(.bss.$RAM3.*))
 *(SORT_BY_ALIGNMENT(.bss.$SRAM_OC.*))
                0x20200000                        . = ALIGN ((. != 0x0)?0x4:0x1)
                [!provide]                        PROVIDE (__end_bss_RAM3 = .)
                [!provide]                        PROVIDE (__end_bss_SRAM_OC = .)

.bss_RAM4       0x80000000        0x0
                [!provide]                        PROVIDE (__start_bss_RAM4 = .)
                [!provide]                        PROVIDE (__start_bss_BOARD_SDRAM = .)
 *(SORT_BY_ALIGNMENT(.bss.$RAM4))
 *(SORT_BY_ALIGNMENT(.bss.$BOARD_SDRAM))
 *(SORT_BY_ALIGNMENT(.bss.$RAM4.*))
 *(SORT_BY_ALIGNMENT(.bss.$BOARD_SDRAM.*))
                0x80000000                        . = ALIGN ((. != 0x0)?0x4:0x1)
                [!provide]                        PROVIDE (__end_bss_RAM4 = .)
                [!provide]                        PROVIDE (__end_bss_BOARD_SDRAM = .)

.bss_RAM5       0x81e00000        0x0
                [!provide]                        PROVIDE (__start_bss_RAM5 = .)
                [!provide]                        PROVIDE (__start_bss_NCACHE_REGION = .)
 *(SORT_BY_ALIGNMENT(.bss.$RAM5))
 *(SORT_BY_ALIGNMENT(.bss.$NCACHE_REGION))
 *(SORT_BY_ALIGNMENT(.bss.$RAM5.*))
 *(SORT_BY_ALIGNMENT(.bss.$NCACHE_REGION.*))
                0x81e00000                        . = ALIGN ((. != 0x0)?0x4:0x1)
                [!provide]                        PROVIDE (__end_bss_RAM5 = .)
                [!provide]                        PROVIDE (__end_bss_NCACHE_REGION = .)

.bss            0x20000070      0x130
                0x20000070                        _bss = .
                [!provide]                        PROVIDE (__start_bss_RAM = .)
                [!provide]                        PROVIDE (__start_bss_SRAM_DTC = .)
 *(SORT_BY_ALIGNMENT(NonCacheable))
 *(SORT_BY_ALIGNMENT(.bss*))
 .bss.s_debugConsole
                0x20000070       0x14 ./utilities/debug_console_lite/fsl_debug_console.o
 .bss.demoRingBuffer
                0x20000084       0x10 ./source/lpuart_interrupt.o
                0x20000084                demoRingBuffer
 .bss.g_xtalFreq
                0x20000094        0x4 ./drivers/fsl_clock.o
                0x20000094                g_xtalFreq
 .bss.g_rtcXtalFreq
                0x20000098        0x4 ./drivers/fsl_clock.o
                0x20000098                g_rtcXtalFreq
 .bss.s_lpuartHandle
                0x2000009c       0x24 ./drivers/fsl_lpuart.o
                0x2000009c                s_lpuartHandle
 .bss.s_lpuartIsr
                0x200000c0       0x24 ./drivers/fsl_lpuart.o
                0x200000c0                s_lpuartIsr
 .bss.errno     0x200000e4        0x4 C:/nxp/MCUXpressoIDE_25.6.136/ide/plugins/com.nxp.mcuxpresso.tools.win32_25.6.0.202501151204/tools/bin/../lib/gcc/arm-none-eabi/14.2.1/../../../../arm-none-eabi/lib/thumb/v7e-m+dp/hard\libcr_c.a(errno.o)
                0x200000e4                errno
 .bss.__Ciob    0x200000e8       0xb4 C:/nxp/MCUXpressoIDE_25.6.136/ide/plugins/com.nxp.mcuxpresso.tools.win32_25.6.0.202501151204/tools/bin/../lib/gcc/arm-none-eabi/14.2.1/../../../../arm-none-eabi/lib/thumb/v7e-m+dp/hard\libcr_nohost_nf.a(__ciob.o)
                0x200000e8                __Ciob
 .bss.txIndex   0x2000019c        0x2 ./source/lpuart_interrupt.o
                0x2000019c                txIndex
 .bss.rxIndex   0x2000019e        0x2 ./source/lpuart_interrupt.o
                0x2000019e                rxIndex
 *(SORT_BY_ALIGNMENT(COMMON))
                0x200001a0                        . = ALIGN (0x4)
                0x200001a0                        _ebss = .
                [!provide]                        PROVIDE (__end_bss_RAM = .)
                [!provide]                        PROVIDE (__end_bss_SRAM_DTC = .)
                [!provide]                        PROVIDE (end = .)

.noinit_RAM2    0x00000000        0x0
                [!provide]                        PROVIDE (__start_noinit_RAM2 = .)
                [!provide]                        PROVIDE (__start_noinit_SRAM_ITC = .)
 *(SORT_BY_ALIGNMENT(.noinit.$RAM2))
 *(SORT_BY_ALIGNMENT(.noinit.$SRAM_ITC))
 *(SORT_BY_ALIGNMENT(.noinit.$RAM2.*))
 *(SORT_BY_ALIGNMENT(.noinit.$SRAM_ITC.*))
                0x00000000                        . = ALIGN (0x4)
                [!provide]                        PROVIDE (__end_noinit_RAM2 = .)
                [!provide]                        PROVIDE (__end_noinit_SRAM_ITC = .)

.noinit_RAM3    0x20200000        0x0
                [!provide]                        PROVIDE (__start_noinit_RAM3 = .)
                [!provide]                        PROVIDE (__start_noinit_SRAM_OC = .)
 *(SORT_BY_ALIGNMENT(.noinit.$RAM3))
 *(SORT_BY_ALIGNMENT(.noinit.$SRAM_OC))
 *(SORT_BY_ALIGNMENT(.noinit.$RAM3.*))
 *(SORT_BY_ALIGNMENT(.noinit.$SRAM_OC.*))
                0x20200000                        . = ALIGN (0x4)
                [!provide]                        PROVIDE (__end_noinit_RAM3 = .)
                [!provide]                        PROVIDE (__end_noinit_SRAM_OC = .)

.noinit_RAM4    0x80000000        0x0
                [!provide]                        PROVIDE (__start_noinit_RAM4 = .)
                [!provide]                        PROVIDE (__start_noinit_BOARD_SDRAM = .)
 *(SORT_BY_ALIGNMENT(.noinit.$RAM4))
 *(SORT_BY_ALIGNMENT(.noinit.$BOARD_SDRAM))
 *(SORT_BY_ALIGNMENT(.noinit.$RAM4.*))
 *(SORT_BY_ALIGNMENT(.noinit.$BOARD_SDRAM.*))
                0x80000000                        . = ALIGN (0x4)
                [!provide]                        PROVIDE (__end_noinit_RAM4 = .)
                [!provide]                        PROVIDE (__end_noinit_BOARD_SDRAM = .)

.noinit_RAM5    0x81e00000        0x0
                [!provide]                        PROVIDE (__start_noinit_RAM5 = .)
                [!provide]                        PROVIDE (__start_noinit_NCACHE_REGION = .)
 *(SORT_BY_ALIGNMENT(.noinit.$RAM5))
 *(SORT_BY_ALIGNMENT(.noinit.$NCACHE_REGION))
 *(SORT_BY_ALIGNMENT(.noinit.$RAM5.*))
 *(SORT_BY_ALIGNMENT(.noinit.$NCACHE_REGION.*))
                0x81e00000                        . = ALIGN (0x4)
                [!provide]                        PROVIDE (__end_noinit_RAM5 = .)
                [!provide]                        PROVIDE (__end_noinit_NCACHE_REGION = .)

.noinit         0x200001a0        0x0
                0x200001a0                        _noinit = .
                [!provide]                        PROVIDE (__start_noinit_RAM = .)
                [!provide]                        PROVIDE (__start_noinit_SRAM_DTC = .)
 *(SORT_BY_ALIGNMENT(.noinit*))
                0x200001a0                        . = ALIGN (0x4)
                0x200001a0                        _end_noinit = .
                [!provide]                        PROVIDE (__end_noinit_RAM = .)
                [!provide]                        PROVIDE (__end_noinit_SRAM_DTC = .)
                0x00001000                        _HeapSize = 0x1000

.heap           0x200001a0     0x1000
                0x200001a0                        _pvHeapStart = .
                0x200011a0                        . = (. + _HeapSize)
 *fill*         0x200001a0     0x1000 
                0x200011a0                        . = ALIGN (0x4)
                0x200011a0                        _pvHeapLimit = .
                0x00001000                        _StackSize = 0x1000

.heap2stackfill
                0x200011a0     0x1000
                0x200021a0                        . = (. + _StackSize)
 *fill*         0x200011a0     0x1000 

.stack          0x2001f000        0x0
                0x2001f000                        _vStackBase = .
                0x2001f000                        . = ALIGN (0x4)
                0x20020000                        _vStackTop = (. + _StackSize)
                0x60002000                        _image_start = LOADADDR (.text)
                0x60005b94                        _image_end = (LOADADDR (.data) + SIZEOF (.data))
                0x00003b94                        _image_size = (_image_end - _image_start)
OUTPUT(FOOTPRINT_lpuart_interrupt.axf elf32-littlearm)
LOAD linker stubs

.debug_info     0x00000000     0xf8fb
 .debug_info    0x00000000      0x8a1 ./xip/evkbimxrt1050_flexspi_nor_config.o
 .debug_info    0x000008a1      0x4c9 ./xip/fsl_flexspi_nor_boot.o
 .debug_info    0x00000d6a      0xd18 ./utilities/debug_console_lite/fsl_debug_console.o
 .debug_info    0x00001a82      0x12e ./utilities/fsl_assert.o
 .debug_info    0x00001bb0       0x24 ./utilities/fsl_memcpy.o
 .debug_info    0x00001bd4     0x1426 ./startup/startup_mimxrt1052.o
 .debug_info    0x00002ffa     0x104d ./source/lpuart_interrupt.o
 .debug_info    0x00004047       0x3c ./source/semihost_hardfault.o
 .debug_info    0x00004083     0x248e ./drivers/fsl_clock.o
 .debug_info    0x00006511     0x2af7 ./drivers/fsl_lpuart.o
 .debug_info    0x00009008      0xbe0 ./device/system_MIMXRT1052.o
 .debug_info    0x00009be8      0xffa ./board/board.o
 .debug_info    0x0000abe2     0x1a4a ./board/clock_config.o
 .debug_info    0x0000c62c       0xa1 ./board/hardware_init.o
 .debug_info    0x0000c6cd      0x8af ./board/pin_mux.o
 .debug_info    0x0000cf7c       0x85 C:/nxp/MCUXpressoIDE_25.6.136/ide/plugins/com.nxp.mcuxpresso.tools.win32_25.6.0.202501151204/tools/bin/../lib/gcc/arm-none-eabi/14.2.1/../../../../arm-none-eabi/lib/thumb/v7e-m+dp/hard\libcr_nohost_nf.a(_cr__main.o)
 .debug_info    0x0000d001       0xfc C:/nxp/MCUXpressoIDE_25.6.136/ide/plugins/com.nxp.mcuxpresso.tools.win32_25.6.0.202501151204/tools/bin/../lib/gcc/arm-none-eabi/14.2.1/../../../../arm-none-eabi/lib/thumb/v7e-m+dp/hard\libcr_c.a(memset.o)
 .debug_info    0x0000d0fd      0x520 C:/nxp/MCUXpressoIDE_25.6.136/ide/plugins/com.nxp.mcuxpresso.tools.win32_25.6.0.202501151204/tools/bin/../lib/gcc/arm-none-eabi/14.2.1/../../../../arm-none-eabi/lib/thumb/v7e-m+dp/hard\libcr_c.a(alloc.o)
 .debug_info    0x0000d61d       0x44 C:/nxp/MCUXpressoIDE_25.6.136/ide/plugins/com.nxp.mcuxpresso.tools.win32_25.6.0.202501151204/tools/bin/../lib/gcc/arm-none-eabi/14.2.1/../../../../arm-none-eabi/lib/thumb/v7e-m+dp/hard\libcr_c.a(errno.o)
 .debug_info    0x0000d661      0x339 C:/nxp/MCUXpressoIDE_25.6.136/ide/plugins/com.nxp.mcuxpresso.tools.win32_25.6.0.202501151204/tools/bin/../lib/gcc/arm-none-eabi/14.2.1/../../../../arm-none-eabi/lib/thumb/v7e-m+dp/hard\libcr_c.a(initio.o)
 .debug_info    0x0000d99a      0x1fd C:/nxp/MCUXpressoIDE_25.6.136/ide/plugins/com.nxp.mcuxpresso.tools.win32_25.6.0.202501151204/tools/bin/../lib/gcc/arm-none-eabi/14.2.1/../../../../arm-none-eabi/lib/thumb/v7e-m+dp/hard\libcr_c.a(setvbuf.o)
 .debug_info    0x0000db97       0xe1 C:/nxp/MCUXpressoIDE_25.6.136/ide/plugins/com.nxp.mcuxpresso.tools.win32_25.6.0.202501151204/tools/bin/../lib/gcc/arm-none-eabi/14.2.1/../../../../arm-none-eabi/lib/thumb/v7e-m+dp/hard\libcr_c.a(strlen.o)
 .debug_info    0x0000dc78      0x396 C:/nxp/MCUXpressoIDE_25.6.136/ide/plugins/com.nxp.mcuxpresso.tools.win32_25.6.0.202501151204/tools/bin/../lib/gcc/arm-none-eabi/14.2.1/../../../../arm-none-eabi/lib/thumb/v7e-m+dp/hard\libcr_c.a(_deferredlazyseek.o)
 .debug_info    0x0000e00e      0x24b C:/nxp/MCUXpressoIDE_25.6.136/ide/plugins/com.nxp.mcuxpresso.tools.win32_25.6.0.202501151204/tools/bin/../lib/gcc/arm-none-eabi/14.2.1/../../../../arm-none-eabi/lib/thumb/v7e-m+dp/hard\libcr_c.a(_fdopen.o)
 .debug_info    0x0000e259      0x1e3 C:/nxp/MCUXpressoIDE_25.6.136/ide/plugins/com.nxp.mcuxpresso.tools.win32_25.6.0.202501151204/tools/bin/../lib/gcc/arm-none-eabi/14.2.1/../../../../arm-none-eabi/lib/thumb/v7e-m+dp/hard\libcr_c.a(_fflush.o)
 .debug_info    0x0000e43c      0x289 C:/nxp/MCUXpressoIDE_25.6.136/ide/plugins/com.nxp.mcuxpresso.tools.win32_25.6.0.202501151204/tools/bin/../lib/gcc/arm-none-eabi/14.2.1/../../../../arm-none-eabi/lib/thumb/v7e-m+dp/hard\libcr_c.a(_writebuf.o)
 .debug_info    0x0000e6c5      0x31e C:/nxp/MCUXpressoIDE_25.6.136/ide/plugins/com.nxp.mcuxpresso.tools.win32_25.6.0.202501151204/tools/bin/../lib/gcc/arm-none-eabi/14.2.1/../../../../arm-none-eabi/lib/thumb/v7e-m+dp/hard\libcr_c.a(fclose.o)
 .debug_info    0x0000e9e3      0x209 C:/nxp/MCUXpressoIDE_25.6.136/ide/plugins/com.nxp.mcuxpresso.tools.win32_25.6.0.202501151204/tools/bin/../lib/gcc/arm-none-eabi/14.2.1/../../../../arm-none-eabi/lib/thumb/v7e-m+dp/hard\libcr_c.a(fflush.o)
 .debug_info    0x0000ebec      0x276 C:/nxp/MCUXpressoIDE_25.6.136/ide/plugins/com.nxp.mcuxpresso.tools.win32_25.6.0.202501151204/tools/bin/../lib/gcc/arm-none-eabi/14.2.1/../../../../arm-none-eabi/lib/thumb/v7e-m+dp/hard\libcr_c.a(fseek.o)
 .debug_info    0x0000ee62      0x197 C:/nxp/MCUXpressoIDE_25.6.136/ide/plugins/com.nxp.mcuxpresso.tools.win32_25.6.0.202501151204/tools/bin/../lib/gcc/arm-none-eabi/14.2.1/../../../../arm-none-eabi/lib/thumb/v7e-m+dp/hard\libcr_c.a(ftell.o)
 .debug_info    0x0000eff9      0x1d7 C:/nxp/MCUXpressoIDE_25.6.136/ide/plugins/com.nxp.mcuxpresso.tools.win32_25.6.0.202501151204/tools/bin/../lib/gcc/arm-none-eabi/14.2.1/../../../../arm-none-eabi/lib/thumb/v7e-m+dp/hard\libcr_c.a(remove.o)
 .debug_info    0x0000f1d0      0x23a C:/nxp/MCUXpressoIDE_25.6.136/ide/plugins/com.nxp.mcuxpresso.tools.win32_25.6.0.202501151204/tools/bin/../lib/gcc/arm-none-eabi/14.2.1/../../../../arm-none-eabi/lib/thumb/v7e-m+dp/hard\libcr_c.a(_do_fflush.o)
 .debug_info    0x0000f40a      0x18b C:/nxp/MCUXpressoIDE_25.6.136/ide/plugins/com.nxp.mcuxpresso.tools.win32_25.6.0.202501151204/tools/bin/../lib/gcc/arm-none-eabi/14.2.1/../../../../arm-none-eabi/lib/thumb/v7e-m+dp/hard\libcr_nohost_nf.a(__ciob.o)
 .debug_info    0x0000f595       0x6a C:/nxp/MCUXpressoIDE_25.6.136/ide/plugins/com.nxp.mcuxpresso.tools.win32_25.6.0.202501151204/tools/bin/../lib/gcc/arm-none-eabi/14.2.1/../../../../arm-none-eabi/lib/thumb/v7e-m+dp/hard\libcr_nohost_nf.a(__sys_close.o)
 .debug_info    0x0000f5ff       0x6a C:/nxp/MCUXpressoIDE_25.6.136/ide/plugins/com.nxp.mcuxpresso.tools.win32_25.6.0.202501151204/tools/bin/../lib/gcc/arm-none-eabi/14.2.1/../../../../arm-none-eabi/lib/thumb/v7e-m+dp/hard\libcr_nohost_nf.a(__sys_flen.o)
 .debug_info    0x0000f669       0x6a C:/nxp/MCUXpressoIDE_25.6.136/ide/plugins/com.nxp.mcuxpresso.tools.win32_25.6.0.202501151204/tools/bin/../lib/gcc/arm-none-eabi/14.2.1/../../../../arm-none-eabi/lib/thumb/v7e-m+dp/hard\libcr_nohost_nf.a(__sys_istty.o)
 .debug_info    0x0000f6d3       0x8a C:/nxp/MCUXpressoIDE_25.6.136/ide/plugins/com.nxp.mcuxpresso.tools.win32_25.6.0.202501151204/tools/bin/../lib/gcc/arm-none-eabi/14.2.1/../../../../arm-none-eabi/lib/thumb/v7e-m+dp/hard\libcr_nohost_nf.a(__sys_remove.o)
 .debug_info    0x0000f75d       0x78 C:/nxp/MCUXpressoIDE_25.6.136/ide/plugins/com.nxp.mcuxpresso.tools.win32_25.6.0.202501151204/tools/bin/../lib/gcc/arm-none-eabi/14.2.1/../../../../arm-none-eabi/lib/thumb/v7e-m+dp/hard\libcr_nohost_nf.a(__sys_seek.o)
 .debug_info    0x0000f7d5       0x93 C:/nxp/MCUXpressoIDE_25.6.136/ide/plugins/com.nxp.mcuxpresso.tools.win32_25.6.0.202501151204/tools/bin/../lib/gcc/arm-none-eabi/14.2.1/../../../../arm-none-eabi/lib/thumb/v7e-m+dp/hard\libcr_nohost_nf.a(__sys_tmpnam.o)
 .debug_info    0x0000f868       0x93 C:/nxp/MCUXpressoIDE_25.6.136/ide/plugins/com.nxp.mcuxpresso.tools.win32_25.6.0.202501151204/tools/bin/../lib/gcc/arm-none-eabi/14.2.1/../../../../arm-none-eabi/lib/thumb/v7e-m+dp/hard\libcr_nohost_nf.a(__sys_write.o)

.debug_abbrev   0x00000000     0x3186
 .debug_abbrev  0x00000000      0x10a ./xip/evkbimxrt1050_flexspi_nor_config.o
 .debug_abbrev  0x0000010a       0xe2 ./xip/fsl_flexspi_nor_boot.o
 .debug_abbrev  0x000001ec      0x256 ./utilities/debug_console_lite/fsl_debug_console.o
 .debug_abbrev  0x00000442       0xbd ./utilities/fsl_assert.o
 .debug_abbrev  0x000004ff       0x14 ./utilities/fsl_memcpy.o
 .debug_abbrev  0x00000513      0x147 ./startup/startup_mimxrt1052.o
 .debug_abbrev  0x0000065a      0x28b ./source/lpuart_interrupt.o
 .debug_abbrev  0x000008e5       0x31 ./source/semihost_hardfault.o
 .debug_abbrev  0x00000916      0x37f ./drivers/fsl_clock.o
 .debug_abbrev  0x00000c95      0x471 ./drivers/fsl_lpuart.o
 .debug_abbrev  0x00001106      0x1ae ./device/system_MIMXRT1052.o
 .debug_abbrev  0x000012b4      0x353 ./board/board.o
 .debug_abbrev  0x00001607      0x349 ./board/clock_config.o
 .debug_abbrev  0x00001950       0x5a ./board/hardware_init.o
 .debug_abbrev  0x000019aa      0x22d ./board/pin_mux.o
 .debug_abbrev  0x00001bd7       0x70 C:/nxp/MCUXpressoIDE_25.6.136/ide/plugins/com.nxp.mcuxpresso.tools.win32_25.6.0.202501151204/tools/bin/../lib/gcc/arm-none-eabi/14.2.1/../../../../arm-none-eabi/lib/thumb/v7e-m+dp/hard\libcr_nohost_nf.a(_cr__main.o)
 .debug_abbrev  0x00001c47       0xa8 C:/nxp/MCUXpressoIDE_25.6.136/ide/plugins/com.nxp.mcuxpresso.tools.win32_25.6.0.202501151204/tools/bin/../lib/gcc/arm-none-eabi/14.2.1/../../../../arm-none-eabi/lib/thumb/v7e-m+dp/hard\libcr_c.a(memset.o)
 .debug_abbrev  0x00001cef      0x284 C:/nxp/MCUXpressoIDE_25.6.136/ide/plugins/com.nxp.mcuxpresso.tools.win32_25.6.0.202501151204/tools/bin/../lib/gcc/arm-none-eabi/14.2.1/../../../../arm-none-eabi/lib/thumb/v7e-m+dp/hard\libcr_c.a(alloc.o)
 .debug_abbrev  0x00001f73       0x44 C:/nxp/MCUXpressoIDE_25.6.136/ide/plugins/com.nxp.mcuxpresso.tools.win32_25.6.0.202501151204/tools/bin/../lib/gcc/arm-none-eabi/14.2.1/../../../../arm-none-eabi/lib/thumb/v7e-m+dp/hard\libcr_c.a(errno.o)
 .debug_abbrev  0x00001fb7      0x169 C:/nxp/MCUXpressoIDE_25.6.136/ide/plugins/com.nxp.mcuxpresso.tools.win32_25.6.0.202501151204/tools/bin/../lib/gcc/arm-none-eabi/14.2.1/../../../../arm-none-eabi/lib/thumb/v7e-m+dp/hard\libcr_c.a(initio.o)
 .debug_abbrev  0x00002120       0xe1 C:/nxp/MCUXpressoIDE_25.6.136/ide/plugins/com.nxp.mcuxpresso.tools.win32_25.6.0.202501151204/tools/bin/../lib/gcc/arm-none-eabi/14.2.1/../../../../arm-none-eabi/lib/thumb/v7e-m+dp/hard\libcr_c.a(setvbuf.o)
 .debug_abbrev  0x00002201       0xa7 C:/nxp/MCUXpressoIDE_25.6.136/ide/plugins/com.nxp.mcuxpresso.tools.win32_25.6.0.202501151204/tools/bin/../lib/gcc/arm-none-eabi/14.2.1/../../../../arm-none-eabi/lib/thumb/v7e-m+dp/hard\libcr_c.a(strlen.o)
 .debug_abbrev  0x000022a8      0x18e C:/nxp/MCUXpressoIDE_25.6.136/ide/plugins/com.nxp.mcuxpresso.tools.win32_25.6.0.202501151204/tools/bin/../lib/gcc/arm-none-eabi/14.2.1/../../../../arm-none-eabi/lib/thumb/v7e-m+dp/hard\libcr_c.a(_deferredlazyseek.o)
 .debug_abbrev  0x00002436      0x119 C:/nxp/MCUXpressoIDE_25.6.136/ide/plugins/com.nxp.mcuxpresso.tools.win32_25.6.0.202501151204/tools/bin/../lib/gcc/arm-none-eabi/14.2.1/../../../../arm-none-eabi/lib/thumb/v7e-m+dp/hard\libcr_c.a(_fdopen.o)
 .debug_abbrev  0x0000254f       0xf1 C:/nxp/MCUXpressoIDE_25.6.136/ide/plugins/com.nxp.mcuxpresso.tools.win32_25.6.0.202501151204/tools/bin/../lib/gcc/arm-none-eabi/14.2.1/../../../../arm-none-eabi/lib/thumb/v7e-m+dp/hard\libcr_c.a(_fflush.o)
 .debug_abbrev  0x00002640      0x126 C:/nxp/MCUXpressoIDE_25.6.136/ide/plugins/com.nxp.mcuxpresso.tools.win32_25.6.0.202501151204/tools/bin/../lib/gcc/arm-none-eabi/14.2.1/../../../../arm-none-eabi/lib/thumb/v7e-m+dp/hard\libcr_c.a(_writebuf.o)
 .debug_abbrev  0x00002766      0x158 C:/nxp/MCUXpressoIDE_25.6.136/ide/plugins/com.nxp.mcuxpresso.tools.win32_25.6.0.202501151204/tools/bin/../lib/gcc/arm-none-eabi/14.2.1/../../../../arm-none-eabi/lib/thumb/v7e-m+dp/hard\libcr_c.a(fclose.o)
 .debug_abbrev  0x000028be      0x125 C:/nxp/MCUXpressoIDE_25.6.136/ide/plugins/com.nxp.mcuxpresso.tools.win32_25.6.0.202501151204/tools/bin/../lib/gcc/arm-none-eabi/14.2.1/../../../../arm-none-eabi/lib/thumb/v7e-m+dp/hard\libcr_c.a(fflush.o)
 .debug_abbrev  0x000029e3      0x11b C:/nxp/MCUXpressoIDE_25.6.136/ide/plugins/com.nxp.mcuxpresso.tools.win32_25.6.0.202501151204/tools/bin/../lib/gcc/arm-none-eabi/14.2.1/../../../../arm-none-eabi/lib/thumb/v7e-m+dp/hard\libcr_c.a(fseek.o)
 .debug_abbrev  0x00002afe       0xc2 C:/nxp/MCUXpressoIDE_25.6.136/ide/plugins/com.nxp.mcuxpresso.tools.win32_25.6.0.202501151204/tools/bin/../lib/gcc/arm-none-eabi/14.2.1/../../../../arm-none-eabi/lib/thumb/v7e-m+dp/hard\libcr_c.a(ftell.o)
 .debug_abbrev  0x00002bc0       0xfb C:/nxp/MCUXpressoIDE_25.6.136/ide/plugins/com.nxp.mcuxpresso.tools.win32_25.6.0.202501151204/tools/bin/../lib/gcc/arm-none-eabi/14.2.1/../../../../arm-none-eabi/lib/thumb/v7e-m+dp/hard\libcr_c.a(remove.o)
 .debug_abbrev  0x00002cbb      0x12c C:/nxp/MCUXpressoIDE_25.6.136/ide/plugins/com.nxp.mcuxpresso.tools.win32_25.6.0.202501151204/tools/bin/../lib/gcc/arm-none-eabi/14.2.1/../../../../arm-none-eabi/lib/thumb/v7e-m+dp/hard\libcr_c.a(_do_fflush.o)
 .debug_abbrev  0x00002de7       0xb5 C:/nxp/MCUXpressoIDE_25.6.136/ide/plugins/com.nxp.mcuxpresso.tools.win32_25.6.0.202501151204/tools/bin/../lib/gcc/arm-none-eabi/14.2.1/../../../../arm-none-eabi/lib/thumb/v7e-m+dp/hard\libcr_nohost_nf.a(__ciob.o)
 .debug_abbrev  0x00002e9c       0x5c C:/nxp/MCUXpressoIDE_25.6.136/ide/plugins/com.nxp.mcuxpresso.tools.win32_25.6.0.202501151204/tools/bin/../lib/gcc/arm-none-eabi/14.2.1/../../../../arm-none-eabi/lib/thumb/v7e-m+dp/hard\libcr_nohost_nf.a(__sys_close.o)
 .debug_abbrev  0x00002ef8       0x5c C:/nxp/MCUXpressoIDE_25.6.136/ide/plugins/com.nxp.mcuxpresso.tools.win32_25.6.0.202501151204/tools/bin/../lib/gcc/arm-none-eabi/14.2.1/../../../../arm-none-eabi/lib/thumb/v7e-m+dp/hard\libcr_nohost_nf.a(__sys_flen.o)
 .debug_abbrev  0x00002f54       0x5c C:/nxp/MCUXpressoIDE_25.6.136/ide/plugins/com.nxp.mcuxpresso.tools.win32_25.6.0.202501151204/tools/bin/../lib/gcc/arm-none-eabi/14.2.1/../../../../arm-none-eabi/lib/thumb/v7e-m+dp/hard\libcr_nohost_nf.a(__sys_istty.o)
 .debug_abbrev  0x00002fb0       0x7d C:/nxp/MCUXpressoIDE_25.6.136/ide/plugins/com.nxp.mcuxpresso.tools.win32_25.6.0.202501151204/tools/bin/../lib/gcc/arm-none-eabi/14.2.1/../../../../arm-none-eabi/lib/thumb/v7e-m+dp/hard\libcr_nohost_nf.a(__sys_remove.o)
 .debug_abbrev  0x0000302d       0x6d C:/nxp/MCUXpressoIDE_25.6.136/ide/plugins/com.nxp.mcuxpresso.tools.win32_25.6.0.202501151204/tools/bin/../lib/gcc/arm-none-eabi/14.2.1/../../../../arm-none-eabi/lib/thumb/v7e-m+dp/hard\libcr_nohost_nf.a(__sys_seek.o)
 .debug_abbrev  0x0000309a       0x76 C:/nxp/MCUXpressoIDE_25.6.136/ide/plugins/com.nxp.mcuxpresso.tools.win32_25.6.0.202501151204/tools/bin/../lib/gcc/arm-none-eabi/14.2.1/../../../../arm-none-eabi/lib/thumb/v7e-m+dp/hard\libcr_nohost_nf.a(__sys_tmpnam.o)
 .debug_abbrev  0x00003110       0x76 C:/nxp/MCUXpressoIDE_25.6.136/ide/plugins/com.nxp.mcuxpresso.tools.win32_25.6.0.202501151204/tools/bin/../lib/gcc/arm-none-eabi/14.2.1/../../../../arm-none-eabi/lib/thumb/v7e-m+dp/hard\libcr_nohost_nf.a(__sys_write.o)

.debug_aranges  0x00000000      0xed8
 .debug_aranges
                0x00000000       0x18 ./xip/evkbimxrt1050_flexspi_nor_config.o
 .debug_aranges
                0x00000018       0x18 ./xip/fsl_flexspi_nor_boot.o
 .debug_aranges
                0x00000030       0x78 ./utilities/debug_console_lite/fsl_debug_console.o
 .debug_aranges
                0x000000a8       0x28 ./utilities/fsl_assert.o
 .debug_aranges
                0x000000d0       0x20 ./utilities/fsl_memcpy.o
 .debug_aranges
                0x000000f0      0x540 ./startup/startup_mimxrt1052.o
 .debug_aranges
                0x00000630       0x48 ./source/lpuart_interrupt.o
 .debug_aranges
                0x00000678       0x20 ./source/semihost_hardfault.o
 .debug_aranges
                0x00000698      0x1b0 ./drivers/fsl_clock.o
 .debug_aranges
                0x00000848      0x1d0 ./drivers/fsl_lpuart.o
 .debug_aranges
                0x00000a18       0x30 ./device/system_MIMXRT1052.o
 .debug_aranges
                0x00000a48       0x58 ./board/board.o
 .debug_aranges
                0x00000aa0       0x80 ./board/clock_config.o
 .debug_aranges
                0x00000b20       0x20 ./board/hardware_init.o
 .debug_aranges
                0x00000b40       0x50 ./board/pin_mux.o
 .debug_aranges
                0x00000b90       0x20 C:/nxp/MCUXpressoIDE_25.6.136/ide/plugins/com.nxp.mcuxpresso.tools.win32_25.6.0.202501151204/tools/bin/../lib/gcc/arm-none-eabi/14.2.1/../../../../arm-none-eabi/lib/thumb/v7e-m+dp/hard\libcr_nohost_nf.a(_cr__main.o)
 .debug_aranges
                0x00000bb0       0x20 C:/nxp/MCUXpressoIDE_25.6.136/ide/plugins/com.nxp.mcuxpresso.tools.win32_25.6.0.202501151204/tools/bin/../lib/gcc/arm-none-eabi/14.2.1/../../../../arm-none-eabi/lib/thumb/v7e-m+dp/hard\libcr_c.a(memset.o)
 .debug_aranges
                0x00000bd0       0x40 C:/nxp/MCUXpressoIDE_25.6.136/ide/plugins/com.nxp.mcuxpresso.tools.win32_25.6.0.202501151204/tools/bin/../lib/gcc/arm-none-eabi/14.2.1/../../../../arm-none-eabi/lib/thumb/v7e-m+dp/hard\libcr_c.a(alloc.o)
 .debug_aranges
                0x00000c10       0x18 C:/nxp/MCUXpressoIDE_25.6.136/ide/plugins/com.nxp.mcuxpresso.tools.win32_25.6.0.202501151204/tools/bin/../lib/gcc/arm-none-eabi/14.2.1/../../../../arm-none-eabi/lib/thumb/v7e-m+dp/hard\libcr_c.a(errno.o)
 .debug_aranges